INFO 2025-08-29 15:36:21,388 views 629516 139762108473344 _create_message_notification appelée pour message 3273cd30-221c-4d92-a90b-10027a8f735c
DEBUG 2025-08-29 15:36:21,392 views 629516 139762108473344 Message sérialisé: {'id': '3273cd30-221c-4d92-a90b-10027a8f735c', 'conversation': '3c46d437-4af3-4a57-b1b4-940c76f86258', 'sender': {'id': '06ce013e-1506-4022-bc85-e07cf35be0c4', 'first_name': 'Patrice', 'last_name': 'Evra', 'email': 'beaudelairelahoume59@gmail.com', 'full_name': 'Patrice Evra', 'profile_picture': 'http://194.164.125.132/media/profile_pictures/06ce013e-1506-4022-bc85-e07cf35be0c4_lXNis91.image'}, 'receiver': {'id': '0c9784d1-5914-4fc8-925c-5a226b618394', 'first_name': 'nors', 'last_name': 'auth', 'email': 'nors.authentification@gmail.com', 'full_name': 'nors auth', 'profile_picture': 'http://194.164.125.132/media/profile_pictures/0c9784d1-5914-4fc8-925c-5a226b618394.image'}, 'content': 'yo', 'message_type': 'text', 'image': None, 'image_url': None, 'created_at': '2025-08-29T15:36:21.385803Z', 'is_read': False, 'is_read_by_user': False}
INFO 2025-08-29 15:36:21,394 views 629516 139762108473344 Envoi WebSocket à participant 06ce013e-1506-4022-bc85-e07cf35be0c4
DEBUG 2025-08-29 15:36:21,394 selector_events 629516 139762108473344 Using selector: EpollSelector
DEBUG 2025-08-29 15:36:21,399 ws_protocol 629512 139685421649920 Sent WebSocket packet to client for ['127.0.0.1', 60502]
INFO 2025-08-29 15:36:21,402 views 629516 139762108473344 Envoi WebSocket à participant 0c9784d1-5914-4fc8-925c-5a226b618394
DEBUG 2025-08-29 15:36:21,402 selector_events 629516 139762108473344 Using selector: EpollSelector
INFO 2025-08-29 15:36:21,410 views 629516 139762108473344 Création notification pour receiver 0c9784d1-5914-4fc8-925c-5a226b618394
DEBUG 2025-08-29 15:36:21,414 selector_events 629516 139762108473344 Using selector: EpollSelector
INFO 2025-08-29 15:36:21,417 fcm 629516 139762108473344  _ notify_user_by_fcm appelée pour booking 
DEBUG 2025-08-29 15:36:21,432 connectionpool 629516 139762108473344 Resetting dropped connection: oauth2.googleapis.com
DEBUG 2025-08-29 15:36:21,481 connectionpool 629516 139762108473344 https://oauth2.googleapis.com:443 "POST /token HTTP/1.1" 200 None
DEBUG 2025-08-29 15:36:21,483 connectionpool 629516 139762108473344 Resetting dropped connection: fcm.googleapis.com
DEBUG 2025-08-29 15:36:21,659 connectionpool 629516 139762108473344 https://fcm.googleapis.com:443 "POST /v1/projects/med-app-8e5b5/messages:send HTTP/1.1" 404 None
INFO 2025-08-29 15:36:21,675 views 629516 139762108473344 Notification 7550b756-bd52-4571-93d7-d4b984d8c5ab créée et envoyée à nors.authentification@gmail.com
DEBUG 2025-08-29 15:36:21,679 selector_events 629516 139762108473344 Using selector: EpollSelector
DEBUG 2025-08-29 15:37:03,315 ws_protocol 629512 139685421649920 WebSocket closed for ['127.0.0.1', 60502]
DEBUG 2025-08-29 15:37:11,305 http_protocol 629512 139685421649920 Upgraded connection ['127.0.0.1', 40764] to WebSocket
DEBUG 2025-08-29 15:37:11,323 ws_protocol 629512 139685421649920 WebSocket ['127.0.0.1', 40764] open and established
DEBUG 2025-08-29 15:37:11,323 ws_protocol 629512 139685421649920 WebSocket ['127.0.0.1', 40764] accepted by application
DEBUG 2025-08-29 15:37:11,385 ws_protocol 629512 139685421649920 Sent WebSocket packet to client for ['127.0.0.1', 40764]
INFO 2025-08-29 15:37:11,628 views 629514 139762108473344 le user country est: Bénin
DEBUG 2025-08-29 15:37:12,589 selector_events 629515 139762108473344 Using selector: EpollSelector
DEBUG 2025-08-29 15:37:12,628 ws_protocol 629512 139685421649920 Sent WebSocket packet to client for ['127.0.0.1', 40764]
DEBUG 2025-08-29 15:43:56,302 ws_protocol 629512 139685421649920 WebSocket closed for ['127.0.0.1', 40764]
INFO 2025-08-29 15:47:45,481 cli 733 139824068919296 Starting server at tcp:port=8002:interface=127.0.0.1
INFO 2025-08-29 15:47:45,482 server 733 139824068919296 HTTP/2 support not enabled (install the http2 and tls Twisted extras)
INFO 2025-08-29 15:47:45,482 server 733 139824068919296 Configuring endpoint tcp:port=8002:interface=127.0.0.1
INFO 2025-08-29 15:47:45,483 server 733 139824068919296 Listening on TCP address 127.0.0.1:8002
DEBUG 2025-08-29 15:48:21,623 http_protocol 733 139824068919296 Upgraded connection ['127.0.0.1', 44526] to WebSocket
DEBUG 2025-08-29 15:48:21,730 ws_protocol 733 139824068919296 WebSocket ['127.0.0.1', 44526] open and established
DEBUG 2025-08-29 15:48:21,731 ws_protocol 733 139824068919296 WebSocket ['127.0.0.1', 44526] accepted by application
DEBUG 2025-08-29 15:48:21,774 Image 733 139823971038784 Importing AvifImagePlugin
DEBUG 2025-08-29 15:48:21,775 Image 733 139823971038784 Importing BlpImagePlugin
DEBUG 2025-08-29 15:48:21,776 Image 733 139823971038784 Importing BmpImagePlugin
DEBUG 2025-08-29 15:48:21,776 Image 733 139823971038784 Importing BufrStubImagePlugin
DEBUG 2025-08-29 15:48:21,777 Image 733 139823971038784 Importing CurImagePlugin
DEBUG 2025-08-29 15:48:21,777 Image 733 139823971038784 Importing DcxImagePlugin
DEBUG 2025-08-29 15:48:21,778 Image 733 139823971038784 Importing DdsImagePlugin
DEBUG 2025-08-29 15:48:21,782 Image 733 139823971038784 Importing EpsImagePlugin
DEBUG 2025-08-29 15:48:21,783 Image 733 139823971038784 Importing FitsImagePlugin
DEBUG 2025-08-29 15:48:21,783 Image 733 139823971038784 Importing FliImagePlugin
DEBUG 2025-08-29 15:48:21,784 Image 733 139823971038784 Importing FpxImagePlugin
DEBUG 2025-08-29 15:48:21,784 Image 733 139823971038784 Image: failed to import FpxImagePlugin: No module named 'olefile'
DEBUG 2025-08-29 15:48:21,785 Image 733 139823971038784 Importing FtexImagePlugin
DEBUG 2025-08-29 15:48:21,785 Image 733 139823971038784 Importing GbrImagePlugin
DEBUG 2025-08-29 15:48:21,786 Image 733 139823971038784 Importing GifImagePlugin
DEBUG 2025-08-29 15:48:21,786 Image 733 139823971038784 Importing GribStubImagePlugin
DEBUG 2025-08-29 15:48:21,786 Image 733 139823971038784 Importing Hdf5StubImagePlugin
DEBUG 2025-08-29 15:48:21,787 Image 733 139823971038784 Importing IcnsImagePlugin
DEBUG 2025-08-29 15:48:21,788 Image 733 139823971038784 Importing IcoImagePlugin
DEBUG 2025-08-29 15:48:21,789 Image 733 139823971038784 Importing ImImagePlugin
DEBUG 2025-08-29 15:48:21,790 Image 733 139823971038784 Importing ImtImagePlugin
DEBUG 2025-08-29 15:48:21,790 Image 733 139823971038784 Importing IptcImagePlugin
DEBUG 2025-08-29 15:48:21,791 Image 733 139823971038784 Importing JpegImagePlugin
DEBUG 2025-08-29 15:48:21,791 Image 733 139823971038784 Importing Jpeg2KImagePlugin
DEBUG 2025-08-29 15:48:21,791 Image 733 139823971038784 Importing McIdasImagePlugin
DEBUG 2025-08-29 15:48:21,791 Image 733 139823971038784 Importing MicImagePlugin
DEBUG 2025-08-29 15:48:21,792 Image 733 139823971038784 Image: failed to import MicImagePlugin: No module named 'olefile'
DEBUG 2025-08-29 15:48:21,792 Image 733 139823971038784 Importing MpegImagePlugin
DEBUG 2025-08-29 15:48:21,793 Image 733 139823971038784 Importing MpoImagePlugin
DEBUG 2025-08-29 15:48:21,795 Image 733 139823971038784 Importing MspImagePlugin
DEBUG 2025-08-29 15:48:21,796 Image 733 139823971038784 Importing PalmImagePlugin
DEBUG 2025-08-29 15:48:21,797 Image 733 139823971038784 Importing PcdImagePlugin
DEBUG 2025-08-29 15:48:21,798 Image 733 139823971038784 Importing PcxImagePlugin
DEBUG 2025-08-29 15:48:21,798 Image 733 139823971038784 Importing PdfImagePlugin
DEBUG 2025-08-29 15:48:21,804 Image 733 139823971038784 Importing PixarImagePlugin
DEBUG 2025-08-29 15:48:21,804 Image 733 139823971038784 Importing PngImagePlugin
DEBUG 2025-08-29 15:48:21,804 Image 733 139823971038784 Importing PpmImagePlugin
DEBUG 2025-08-29 15:48:21,804 Image 733 139823971038784 Importing PsdImagePlugin
DEBUG 2025-08-29 15:48:21,805 Image 733 139823971038784 Importing QoiImagePlugin
DEBUG 2025-08-29 15:48:21,805 Image 733 139823971038784 Importing SgiImagePlugin
DEBUG 2025-08-29 15:48:21,806 Image 733 139823971038784 Importing SpiderImagePlugin
DEBUG 2025-08-29 15:48:21,806 Image 733 139823971038784 Importing SunImagePlugin
DEBUG 2025-08-29 15:48:21,807 Image 733 139823971038784 Importing TgaImagePlugin
DEBUG 2025-08-29 15:48:21,807 Image 733 139823971038784 Importing TiffImagePlugin
DEBUG 2025-08-29 15:48:21,807 Image 733 139823971038784 Importing WebPImagePlugin
DEBUG 2025-08-29 15:48:21,811 Image 733 139823971038784 Importing WmfImagePlugin
DEBUG 2025-08-29 15:48:21,811 Image 733 139823971038784 Importing XbmImagePlugin
DEBUG 2025-08-29 15:48:21,813 Image 733 139823971038784 Importing XpmImagePlugin
DEBUG 2025-08-29 15:48:21,813 Image 733 139823971038784 Importing XVThumbImagePlugin
DEBUG 2025-08-29 15:48:21,860 ws_protocol 733 139824068919296 Sent WebSocket packet to client for ['127.0.0.1', 44526]
INFO 2025-08-29 15:48:22,975 fcm 762 140359734353920 ✅ Firebase Admin SDK initialisé
INFO 2025-08-29 15:48:23,140 fcm 761 140359734353920 ✅ Firebase Admin SDK initialisé
INFO 2025-08-29 15:48:23,177 fcm 760 140359734353920 ✅ Firebase Admin SDK initialisé
INFO 2025-08-29 15:48:23,435 views 762 140359734353920 le user country est: Bénin
DEBUG 2025-08-29 15:48:23,721 Image 761 140359734353920 Importing AvifImagePlugin
DEBUG 2025-08-29 15:48:23,722 Image 761 140359734353920 Importing BlpImagePlugin
DEBUG 2025-08-29 15:48:23,723 Image 761 140359734353920 Importing BmpImagePlugin
DEBUG 2025-08-29 15:48:23,723 Image 761 140359734353920 Importing BufrStubImagePlugin
DEBUG 2025-08-29 15:48:23,723 Image 761 140359734353920 Importing CurImagePlugin
DEBUG 2025-08-29 15:48:23,723 Image 761 140359734353920 Importing DcxImagePlugin
DEBUG 2025-08-29 15:48:23,724 Image 761 140359734353920 Importing DdsImagePlugin
DEBUG 2025-08-29 15:48:23,727 Image 761 140359734353920 Importing EpsImagePlugin
DEBUG 2025-08-29 15:48:23,728 Image 761 140359734353920 Importing FitsImagePlugin
DEBUG 2025-08-29 15:48:23,729 Image 761 140359734353920 Importing FliImagePlugin
DEBUG 2025-08-29 15:48:23,729 Image 761 140359734353920 Importing FpxImagePlugin
DEBUG 2025-08-29 15:48:23,729 Image 761 140359734353920 Image: failed to import FpxImagePlugin: No module named 'olefile'
DEBUG 2025-08-29 15:48:23,729 Image 761 140359734353920 Importing FtexImagePlugin
DEBUG 2025-08-29 15:48:23,730 Image 761 140359734353920 Importing GbrImagePlugin
DEBUG 2025-08-29 15:48:23,730 Image 761 140359734353920 Importing GifImagePlugin
DEBUG 2025-08-29 15:48:23,730 Image 761 140359734353920 Importing GribStubImagePlugin
DEBUG 2025-08-29 15:48:23,730 Image 761 140359734353920 Importing Hdf5StubImagePlugin
DEBUG 2025-08-29 15:48:23,731 Image 761 140359734353920 Importing IcnsImagePlugin
DEBUG 2025-08-29 15:48:23,732 Image 761 140359734353920 Importing IcoImagePlugin
DEBUG 2025-08-29 15:48:23,733 Image 761 140359734353920 Importing ImImagePlugin
DEBUG 2025-08-29 15:48:23,733 Image 761 140359734353920 Importing ImtImagePlugin
DEBUG 2025-08-29 15:48:23,733 Image 761 140359734353920 Importing IptcImagePlugin
DEBUG 2025-08-29 15:48:23,734 Image 761 140359734353920 Importing JpegImagePlugin
DEBUG 2025-08-29 15:48:23,734 Image 761 140359734353920 Importing Jpeg2KImagePlugin
DEBUG 2025-08-29 15:48:23,734 Image 761 140359734353920 Importing McIdasImagePlugin
DEBUG 2025-08-29 15:48:23,734 Image 761 140359734353920 Importing MicImagePlugin
DEBUG 2025-08-29 15:48:23,735 Image 761 140359734353920 Image: failed to import MicImagePlugin: No module named 'olefile'
DEBUG 2025-08-29 15:48:23,735 Image 761 140359734353920 Importing MpegImagePlugin
DEBUG 2025-08-29 15:48:23,735 Image 761 140359734353920 Importing MpoImagePlugin
DEBUG 2025-08-29 15:48:23,737 Image 761 140359734353920 Importing MspImagePlugin
DEBUG 2025-08-29 15:48:23,737 Image 761 140359734353920 Importing PalmImagePlugin
DEBUG 2025-08-29 15:48:23,738 Image 761 140359734353920 Importing PcdImagePlugin
DEBUG 2025-08-29 15:48:23,738 Image 761 140359734353920 Importing PcxImagePlugin
DEBUG 2025-08-29 15:48:23,738 Image 761 140359734353920 Importing PdfImagePlugin
DEBUG 2025-08-29 15:48:23,743 Image 761 140359734353920 Importing PixarImagePlugin
DEBUG 2025-08-29 15:48:23,744 Image 761 140359734353920 Importing PngImagePlugin
DEBUG 2025-08-29 15:48:23,744 Image 761 140359734353920 Importing PpmImagePlugin
DEBUG 2025-08-29 15:48:23,744 Image 761 140359734353920 Importing PsdImagePlugin
DEBUG 2025-08-29 15:48:23,744 Image 761 140359734353920 Importing QoiImagePlugin
DEBUG 2025-08-29 15:48:23,745 Image 761 140359734353920 Importing SgiImagePlugin
DEBUG 2025-08-29 15:48:23,745 Image 761 140359734353920 Importing SpiderImagePlugin
DEBUG 2025-08-29 15:48:23,745 Image 761 140359734353920 Importing SunImagePlugin
DEBUG 2025-08-29 15:48:23,746 Image 761 140359734353920 Importing TgaImagePlugin
DEBUG 2025-08-29 15:48:23,746 Image 761 140359734353920 Importing TiffImagePlugin
DEBUG 2025-08-29 15:48:23,746 Image 761 140359734353920 Importing WebPImagePlugin
DEBUG 2025-08-29 15:48:23,747 Image 761 140359734353920 Importing WmfImagePlugin
DEBUG 2025-08-29 15:48:23,747 Image 761 140359734353920 Importing XbmImagePlugin
DEBUG 2025-08-29 15:48:23,748 Image 761 140359734353920 Importing XpmImagePlugin
DEBUG 2025-08-29 15:48:23,749 Image 761 140359734353920 Importing XVThumbImagePlugin
DEBUG 2025-08-29 15:48:23,749 selector_events 761 140359734353920 Using selector: EpollSelector
DEBUG 2025-08-29 15:48:23,794 ws_protocol 733 139824068919296 Sent WebSocket packet to client for ['127.0.0.1', 44526]
WARNING 2025-08-29 15:52:20,626 log 761 140359734353920 Not Found: /
WARNING 2025-08-29 15:57:23,048 log 761 140359734353920 Not Found: /
INFO 2025-08-29 15:59:09,248 utils 760 140359734353920 ===================================== [SEND CODE VERIFICATION] === ENVOI code de verification 42039 ===========
INFO 2025-08-29 15:59:09,345 __init__ 760 140359734353920 -- BEGIN Twilio API Request --
INFO 2025-08-29 15:59:09,345 __init__ 760 140359734353920 POST Request: https://api.twilio.com/2010-04-01/Accounts/ACe9cc141af9f8831110ebccb13caab2a9/Messages.json
INFO 2025-08-29 15:59:09,345 __init__ 760 140359734353920 Headers:
INFO 2025-08-29 15:59:09,345 __init__ 760 140359734353920 Content-Type : application/x-www-form-urlencoded
INFO 2025-08-29 15:59:09,345 __init__ 760 140359734353920 Accept : application/json
INFO 2025-08-29 15:59:09,346 __init__ 760 140359734353920 User-Agent : twilio-python/9.6.3 (Linux x86_64) Python/3.10.12
INFO 2025-08-29 15:59:09,346 __init__ 760 140359734353920 X-Twilio-Client : python-9.6.3
INFO 2025-08-29 15:59:09,346 __init__ 760 140359734353920 Accept-Charset : utf-8
INFO 2025-08-29 15:59:09,346 __init__ 760 140359734353920 -- END Twilio API Request --
DEBUG 2025-08-29 15:59:09,347 connectionpool 760 140359734353920 Starting new HTTPS connection (1): api.twilio.com:443
DEBUG 2025-08-29 15:59:09,559 connectionpool 760 140359734353920 https://api.twilio.com:443 "POST /2010-04-01/Accounts/ACe9cc141af9f8831110ebccb13caab2a9/Messages.json HTTP/1.1" 401 107
INFO 2025-08-29 15:59:09,560 __init__ 760 140359734353920 Response Status Code: 401
INFO 2025-08-29 15:59:09,560 __init__ 760 140359734353920 Response Headers: {'Content-Type': 'application/json', 'Content-Length': '107', 'Connection': 'keep-alive', 'Date': 'Fri, 29 Aug 2025 15:59:09 GMT', 'X-Twilio-Error-Code': '20003', 'Twilio-Request-Id': 'RQ73536701ec0d625fdec034577d0b46f7', 'Twilio-Request-Duration': '0.035', 'X-Home-Region': 'us1', 'X-API-Domain': 'api.twilio.com', 'Strict-Transport-Security': 'max-age=31536000', 'WWW-Authenticate': 'Basic realm="Twilio API"', 'X-Cache': 'Error from cloudfront', 'Via': '1.1 78059242182c195ff7f26013772da09a.cloudfront.net (CloudFront)', 'X-Amz-Cf-Pop': 'FRA6-C1', 'X-Amz-Cf-Id': 'huxJPfMF7NfvhfO5R7XXZVgIy6eh_0jNlOAq7T_NsfjSDEP32NxHZQ==', 'X-Powered-By': 'AT-5000', 'X-Shenanigans': 'none', 'Vary': 'Origin'}
WARNING 2025-08-29 15:59:56,099 log 762 140359734353920 Not Found: /
INFO 2025-08-29 16:00:34,302 views 761 140359734353920 le user country est: None
DEBUG 2025-08-29 16:00:36,074 selector_events 760 140359734353920 Using selector: EpollSelector
DEBUG 2025-08-29 16:09:15,084 selector_events 762 140359734353920 Using selector: EpollSelector
INFO 2025-08-29 16:09:45,783 views 760 140359734353920 🔍 [BULK VALIDATION] === DÉBUT VALIDATION BULK DOCUMENTS === User: 56f3fe70-05e3-4284-8fad-ed0475225398
INFO 2025-08-29 16:09:45,784 views 760 140359734353920 👤 [BULK VALIDATION] Admin: admin@gmail.com
INFO 2025-08-29 16:09:45,784 views 760 140359734353920 📋 [BULK VALIDATION] Données reçues: {'action': 'reject', 'rejection_reason': 'Veuillez fournir un document plus clair'}
INFO 2025-08-29 16:09:45,785 views 760 140359734353920 ✅ [BULK VALIDATION] Utilisateur trouvé: yamow57479@futurejs.com
INFO 2025-08-29 16:09:45,786 views 760 140359734353920 🎯 [BULK VALIDATION] Action demandée: reject
INFO 2025-08-29 16:09:45,786 views 760 140359734353920 📝 [BULK VALIDATION] Raison de rejet: Veuillez fournir un document plus clair
INFO 2025-08-29 16:09:45,788 views 760 140359734353920 📊 [BULK VALIDATION] Documents en attente trouvés: 1
INFO 2025-08-29 16:09:45,790 views 760 140359734353920 📦 [BULK VALIDATION] Ensemble de documents à traiter: 1 documents
INFO 2025-08-29 16:09:45,790 views 760 140359734353920 🔄 [BULK VALIDATION] Traitement des documents de type: passport
INFO 2025-08-29 16:09:45,794 views 760 140359734353920 💾 [BULK VALIDATION] Document 95 traité: pending → rejected
INFO 2025-08-29 16:09:45,797 views 760 140359734353920 👤 [BULK VALIDATION] Statut utilisateur - is_completed: False → False
INFO 2025-08-29 16:09:45,798 views 760 140359734353920 🔔 [BULK VALIDATION] === ENVOI NOTIFICATIONS ===
INFO 2025-08-29 16:09:45,798 utils 760 140359734353920 1 [BULK VALIDATION] STEP 1
INFO 2025-08-29 16:09:45,799 utils 760 140359734353920 2 [BULK VALIDATION] STEP 2
INFO 2025-08-29 16:09:45,799 utils 760 140359734353920 9 [BULK VALIDATION] STEP 9
INFO 2025-08-29 16:09:45,799 utils 760 140359734353920 13 [BULK VALIDATION] STEP 13
INFO 2025-08-29 16:09:45,799 utils 760 140359734353920 ===================================== [BULK VALIDATION] === ENVOI NOTIFICATIONS de type document_rejected===
INFO 2025-08-29 16:09:45,799 utils 760 140359734353920 14 [BULK VALIDATION] STEP 14
DEBUG 2025-08-29 16:09:45,801 selector_events 760 140359734353920 Using selector: EpollSelector
INFO 2025-08-29 16:09:45,803 utils 760 140359734353920 15 [BULK VALIDATION] STEP 15
INFO 2025-08-29 16:09:45,807 utils 760 140359734353920 notification create Notification document_rejected pour future
DEBUG 2025-08-29 16:09:45,807 selector_events 760 140359734353920 Using selector: EpollSelector
INFO 2025-08-29 16:09:45,810 utils 760 140359734353920 On tente l'envoie de Notification fcm b9c3b8a4-a243-413a-99a5-6496e6a97163 
INFO 2025-08-29 16:09:45,810 fcm 760 140359734353920  _ notify_user_by_fcm appelée pour booking 
DEBUG 2025-08-29 16:09:45,810 retry 760 140359734353920 Converted retries value: 3 -> Retry(total=3, connect=None, read=None, redirect=None, status=None)
INFO 2025-08-29 16:09:46,043 utils 760 140359734353920 Notification b9c3b8a4-a243-413a-99a5-6496e6a97163 créée et envoyée à yamow57479@futurejs.com
INFO 2025-08-29 16:09:46,043 utils 760 140359734353920 16 [BULK VALIDATION] STEP 16
INFO 2025-08-29 16:09:46,043 views 760 140359734353920 ✅ [BULK VALIDATION] Notifications envoyées avec succès
INFO 2025-08-29 16:09:47,273 views 760 140359734353920 🎉 [BULK VALIDATION] === VALIDATION BULK TERMINÉE AVEC SUCCÈS ===
WARNING 2025-08-29 16:11:09,123 log 760 140359734353920 Not Found: /.git/config
DEBUG 2025-08-29 16:14:03,782 ws_protocol 733 139824068919296 WebSocket closed for ['127.0.0.1', 44526]
DEBUG 2025-08-29 16:14:14,108 http_protocol 733 139824068919296 Upgraded connection ['127.0.0.1', 43916] to WebSocket
DEBUG 2025-08-29 16:14:14,125 ws_protocol 733 139824068919296 WebSocket ['127.0.0.1', 43916] open and established
DEBUG 2025-08-29 16:14:14,126 ws_protocol 733 139824068919296 WebSocket ['127.0.0.1', 43916] accepted by application
DEBUG 2025-08-29 16:14:14,172 ws_protocol 733 139824068919296 Sent WebSocket packet to client for ['127.0.0.1', 43916]
DEBUG 2025-08-29 16:15:43,633 ws_protocol 733 139824068919296 WebSocket closed for ['127.0.0.1', 43916]
DEBUG 2025-08-29 16:15:52,138 http_protocol 733 139824068919296 Upgraded connection ['127.0.0.1', 36380] to WebSocket
DEBUG 2025-08-29 16:15:52,156 ws_protocol 733 139824068919296 WebSocket ['127.0.0.1', 36380] open and established
DEBUG 2025-08-29 16:15:52,156 ws_protocol 733 139824068919296 WebSocket ['127.0.0.1', 36380] accepted by application
DEBUG 2025-08-29 16:15:52,247 ws_protocol 733 139824068919296 Sent WebSocket packet to client for ['127.0.0.1', 36380]
DEBUG 2025-08-29 16:19:17,987 ws_protocol 733 139824068919296 WebSocket closed for ['127.0.0.1', 36380]
DEBUG 2025-08-29 16:20:40,215 selector_events 760 140359734353920 Using selector: EpollSelector
INFO 2025-08-29 16:20:41,785 views 760 140359734353920 le user country est: Bénin
DEBUG 2025-08-29 16:20:42,014 selector_events 762 140359734353920 Using selector: EpollSelector
DEBUG 2025-08-29 16:26:32,927 http_protocol 733 139824068919296 Upgraded connection ['127.0.0.1', 36248] to WebSocket
DEBUG 2025-08-29 16:26:32,948 ws_protocol 733 139824068919296 WebSocket ['127.0.0.1', 36248] open and established
DEBUG 2025-08-29 16:26:32,948 ws_protocol 733 139824068919296 WebSocket ['127.0.0.1', 36248] accepted by application
DEBUG 2025-08-29 16:26:32,999 ws_protocol 733 139824068919296 Sent WebSocket packet to client for ['127.0.0.1', 36248]
INFO 2025-08-29 16:26:33,880 views 761 140359734353920 le user country est: Bénin
DEBUG 2025-08-29 16:26:34,799 selector_events 760 140359734353920 Using selector: EpollSelector
DEBUG 2025-08-29 16:26:34,843 ws_protocol 733 139824068919296 Sent WebSocket packet to client for ['127.0.0.1', 36248]
DEBUG 2025-08-29 16:28:13,811 ws_protocol 733 139824068919296 WebSocket closed for ['127.0.0.1', 36248]
WARNING 2025-08-29 16:29:42,049 log 760 140359734353920 Not Found: /
WARNING 2025-08-29 16:45:21,626 log 762 140359734353920 Not Found: /
WARNING 2025-08-29 16:56:54,660 log 760 140359734353920 Not Found: /
WARNING 2025-08-29 16:59:42,210 log 761 140359734353920 Not Found: /
WARNING 2025-08-29 17:38:03,643 log 760 140359734353920 Not Found: /
WARNING 2025-08-29 17:46:09,629 log 760 140359734353920 Not Found: /
DEBUG 2025-08-29 17:51:16,158 http_protocol 733 139824068919296 Upgraded connection ['127.0.0.1', 58324] to WebSocket
DEBUG 2025-08-29 17:51:16,176 ws_protocol 733 139824068919296 WebSocket ['127.0.0.1', 58324] open and established
DEBUG 2025-08-29 17:51:16,177 ws_protocol 733 139824068919296 WebSocket ['127.0.0.1', 58324] accepted by application
DEBUG 2025-08-29 17:51:16,218 ws_protocol 733 139824068919296 Sent WebSocket packet to client for ['127.0.0.1', 58324]
WARNING 2025-08-29 17:51:16,967 log 761 140359734353920 Unauthorized: /api/unread-counts/
WARNING 2025-08-29 17:51:16,968 log 760 140359734353920 Unauthorized: /api/trips/
WARNING 2025-08-29 17:51:16,971 log 762 140359734353920 Unauthorized: /api/auth/profile/
WARNING 2025-08-29 17:51:17,683 log 761 140359734353920 Unauthorized: /api/auth/token/refresh/
WARNING 2025-08-29 17:51:17,778 log 761 140359734353920 Unauthorized: /api/auth/update-country/
INFO 2025-08-29 17:51:17,972 views 761 140359734353920 le user country est: Bénin
DEBUG 2025-08-29 17:51:18,570 selector_events 761 140359734353920 Using selector: EpollSelector
DEBUG 2025-08-29 17:51:18,607 ws_protocol 733 139824068919296 Sent WebSocket packet to client for ['127.0.0.1', 58324]
INFO 2025-08-29 17:51:39,766 views 762 140359734353920 Juste un,Bénin
INFO 2025-08-29 17:51:39,767 views 762 140359734353920 pays défini,Bénin
WARNING 2025-08-29 17:52:26,054 log 760 140359734353920 Not Found: /
WARNING 2025-08-29 17:52:26,204 log 761 140359734353920 Not Found: /form.html
WARNING 2025-08-29 17:52:26,357 log 762 140359734353920 Not Found: /upl.php
WARNING 2025-08-29 17:52:26,512 log 760 140359734353920 Not Found: /t4
WARNING 2025-08-29 17:52:26,667 log 761 140359734353920 Not Found: /geoip/
WARNING 2025-08-29 17:52:26,819 log 762 140359734353920 Not Found: /favicon.ico
WARNING 2025-08-29 17:52:27,002 log 761 140359734353920 Not Found: /1.php
WARNING 2025-08-29 17:52:27,191 log 760 140359734353920 Not Found: /systembc/password.php
WARNING 2025-08-29 17:52:27,344 log 762 140359734353920 Not Found: /password.php
DEBUG 2025-08-29 18:11:09,804 selector_events 762 140359734353920 Using selector: EpollSelector
DEBUG 2025-08-29 18:11:09,856 ws_protocol 733 139824068919296 Sent WebSocket packet to client for ['127.0.0.1', 58324]
WARNING 2025-08-29 18:11:24,777 log 761 140359734353920 Not Found: /
WARNING 2025-08-29 18:11:38,748 log 760 140359734353920 Unauthorized: /api/auth/admin/users/all/
WARNING 2025-08-29 18:11:39,671 log 760 140359734353920 Unauthorized: /api/auth/admin/users/all/
INFO 2025-08-29 18:11:53,190 views 762 140359734353920 🔍 [BULK VALIDATION] === DÉBUT VALIDATION BULK DOCUMENTS === User: 56f3fe70-05e3-4284-8fad-ed0475225398
INFO 2025-08-29 18:11:53,190 views 762 140359734353920 👤 [BULK VALIDATION] Admin: admin@gmail.com
INFO 2025-08-29 18:11:53,191 views 762 140359734353920 📋 [BULK VALIDATION] Données reçues: {'action': 'reject', 'rejection_reason': 'Veuillez fournir un document plus clair'}
INFO 2025-08-29 18:11:53,192 views 762 140359734353920 ✅ [BULK VALIDATION] Utilisateur trouvé: yamow57479@futurejs.com
INFO 2025-08-29 18:11:53,192 views 762 140359734353920 🎯 [BULK VALIDATION] Action demandée: reject
INFO 2025-08-29 18:11:53,192 views 762 140359734353920 📝 [BULK VALIDATION] Raison de rejet: Veuillez fournir un document plus clair
INFO 2025-08-29 18:11:53,195 views 762 140359734353920 📊 [BULK VALIDATION] Documents en attente trouvés: 1
INFO 2025-08-29 18:11:53,197 views 762 140359734353920 📦 [BULK VALIDATION] Ensemble de documents à traiter: 1 documents
INFO 2025-08-29 18:11:53,197 views 762 140359734353920 🔄 [BULK VALIDATION] Traitement des documents de type: passport
INFO 2025-08-29 18:11:53,200 views 762 140359734353920 💾 [BULK VALIDATION] Document 96 traité: pending → rejected
INFO 2025-08-29 18:11:53,203 views 762 140359734353920 👤 [BULK VALIDATION] Statut utilisateur - is_completed: False → False
INFO 2025-08-29 18:11:53,203 views 762 140359734353920 🔔 [BULK VALIDATION] === ENVOI NOTIFICATIONS ===
INFO 2025-08-29 18:11:53,203 utils 762 140359734353920 1 [BULK VALIDATION] STEP 1
INFO 2025-08-29 18:11:53,204 utils 762 140359734353920 2 [BULK VALIDATION] STEP 2
INFO 2025-08-29 18:11:53,204 utils 762 140359734353920 9 [BULK VALIDATION] STEP 9
INFO 2025-08-29 18:11:53,205 utils 762 140359734353920 13 [BULK VALIDATION] STEP 13
INFO 2025-08-29 18:11:53,205 utils 762 140359734353920 ===================================== [BULK VALIDATION] === ENVOI NOTIFICATIONS de type document_rejected===
INFO 2025-08-29 18:11:53,205 utils 762 140359734353920 14 [BULK VALIDATION] STEP 14
DEBUG 2025-08-29 18:11:53,206 selector_events 762 140359734353920 Using selector: EpollSelector
INFO 2025-08-29 18:11:53,209 utils 762 140359734353920 15 [BULK VALIDATION] STEP 15
INFO 2025-08-29 18:11:53,211 utils 762 140359734353920 notification create Notification document_rejected pour future
DEBUG 2025-08-29 18:11:53,211 selector_events 762 140359734353920 Using selector: EpollSelector
INFO 2025-08-29 18:11:53,215 consumers 733 139824068919296 📄❌ [WEBSOCKET] Envoi notification rejet document à future future (yamow57479@futurejs.com)
DEBUG 2025-08-29 18:11:53,215 ws_protocol 733 139824068919296 Sent WebSocket packet to client for ['127.0.0.1', 58324]
INFO 2025-08-29 18:11:53,216 utils 762 140359734353920 On tente l'envoie de Notification fcm 31f0428e-7d15-4374-8efb-09f0db963156 
INFO 2025-08-29 18:11:53,216 fcm 762 140359734353920  _ notify_user_by_fcm appelée pour booking 
DEBUG 2025-08-29 18:11:53,217 retry 762 140359734353920 Converted retries value: 3 -> Retry(total=3, connect=None, read=None, redirect=None, status=None)
INFO 2025-08-29 18:11:53,374 utils 762 140359734353920 Notification 31f0428e-7d15-4374-8efb-09f0db963156 créée et envoyée à yamow57479@futurejs.com
INFO 2025-08-29 18:11:53,375 utils 762 140359734353920 16 [BULK VALIDATION] STEP 16
INFO 2025-08-29 18:11:53,375 views 762 140359734353920 ✅ [BULK VALIDATION] Notifications envoyées avec succès
INFO 2025-08-29 18:11:54,748 views 762 140359734353920 🎉 [BULK VALIDATION] === VALIDATION BULK TERMINÉE AVEC SUCCÈS ===
DEBUG 2025-08-29 18:17:19,801 selector_events 760 140359734353920 Using selector: EpollSelector
DEBUG 2025-08-29 18:17:19,848 ws_protocol 733 139824068919296 Sent WebSocket packet to client for ['127.0.0.1', 58324]
INFO 2025-08-29 18:17:45,301 views 760 140359734353920 🔍 [BULK VALIDATION] === DÉBUT VALIDATION BULK DOCUMENTS === User: 56f3fe70-05e3-4284-8fad-ed0475225398
INFO 2025-08-29 18:17:45,302 views 760 140359734353920 👤 [BULK VALIDATION] Admin: admin@gmail.com
INFO 2025-08-29 18:17:45,302 views 760 140359734353920 📋 [BULK VALIDATION] Données reçues: {'action': 'reject', 'rejection_reason': 'Veuillez fournir un document plus clair'}
INFO 2025-08-29 18:17:45,304 views 760 140359734353920 ✅ [BULK VALIDATION] Utilisateur trouvé: yamow57479@futurejs.com
INFO 2025-08-29 18:17:45,304 views 760 140359734353920 🎯 [BULK VALIDATION] Action demandée: reject
INFO 2025-08-29 18:17:45,304 views 760 140359734353920 📝 [BULK VALIDATION] Raison de rejet: Veuillez fournir un document plus clair
INFO 2025-08-29 18:17:45,306 views 760 140359734353920 📊 [BULK VALIDATION] Documents en attente trouvés: 1
INFO 2025-08-29 18:17:45,309 views 760 140359734353920 📦 [BULK VALIDATION] Ensemble de documents à traiter: 1 documents
INFO 2025-08-29 18:17:45,309 views 760 140359734353920 🔄 [BULK VALIDATION] Traitement des documents de type: passport
INFO 2025-08-29 18:17:45,312 views 760 140359734353920 💾 [BULK VALIDATION] Document 97 traité: pending → rejected
INFO 2025-08-29 18:17:45,315 views 760 140359734353920 👤 [BULK VALIDATION] Statut utilisateur - is_completed: False → False
INFO 2025-08-29 18:17:45,315 views 760 140359734353920 🔔 [BULK VALIDATION] === ENVOI NOTIFICATIONS ===
INFO 2025-08-29 18:17:45,315 utils 760 140359734353920 1 [BULK VALIDATION] STEP 1
INFO 2025-08-29 18:17:45,316 utils 760 140359734353920 2 [BULK VALIDATION] STEP 2
INFO 2025-08-29 18:17:45,316 utils 760 140359734353920 9 [BULK VALIDATION] STEP 9
INFO 2025-08-29 18:17:45,316 utils 760 140359734353920 13 [BULK VALIDATION] STEP 13
INFO 2025-08-29 18:17:45,316 utils 760 140359734353920 ===================================== [BULK VALIDATION] === ENVOI NOTIFICATIONS de type document_rejected===
INFO 2025-08-29 18:17:45,317 utils 760 140359734353920 14 [BULK VALIDATION] STEP 14
DEBUG 2025-08-29 18:17:45,318 selector_events 760 140359734353920 Using selector: EpollSelector
INFO 2025-08-29 18:17:45,321 utils 760 140359734353920 15 [BULK VALIDATION] STEP 15
INFO 2025-08-29 18:17:45,324 utils 760 140359734353920 notification create Notification document_rejected pour future
DEBUG 2025-08-29 18:17:45,324 selector_events 760 140359734353920 Using selector: EpollSelector
INFO 2025-08-29 18:17:45,329 consumers 733 139824068919296 📄❌ [WEBSOCKET] Envoi notification rejet document à future future (yamow57479@futurejs.com)
DEBUG 2025-08-29 18:17:45,329 ws_protocol 733 139824068919296 Sent WebSocket packet to client for ['127.0.0.1', 58324]
INFO 2025-08-29 18:17:45,331 utils 760 140359734353920 On tente l'envoie de Notification fcm b8b629ce-b7b7-4a96-a557-f2f392e2ffa0 
INFO 2025-08-29 18:17:45,331 fcm 760 140359734353920  _ notify_user_by_fcm appelée pour booking 
INFO 2025-08-29 18:17:45,333 utils 760 140359734353920 Notification b8b629ce-b7b7-4a96-a557-f2f392e2ffa0 créée et envoyée à yamow57479@futurejs.com
INFO 2025-08-29 18:17:45,333 utils 760 140359734353920 16 [BULK VALIDATION] STEP 16
INFO 2025-08-29 18:17:45,334 views 760 140359734353920 ✅ [BULK VALIDATION] Notifications envoyées avec succès
INFO 2025-08-29 18:17:46,615 views 760 140359734353920 🎉 [BULK VALIDATION] === VALIDATION BULK TERMINÉE AVEC SUCCÈS ===
INFO 2025-08-29 18:19:27,001 views 762 140359734353920 🔍 [BULK VALIDATION] === DÉBUT VALIDATION BULK DOCUMENTS === User: 56f3fe70-05e3-4284-8fad-ed0475225398
INFO 2025-08-29 18:19:27,001 views 762 140359734353920 👤 [BULK VALIDATION] Admin: admin@gmail.com
INFO 2025-08-29 18:19:27,002 views 762 140359734353920 📋 [BULK VALIDATION] Données reçues: {'action': 'reject', 'rejection_reason': 'Veuillez fournir un document plus clair'}
INFO 2025-08-29 18:19:27,003 views 762 140359734353920 ✅ [BULK VALIDATION] Utilisateur trouvé: yamow57479@futurejs.com
INFO 2025-08-29 18:19:27,003 views 762 140359734353920 🎯 [BULK VALIDATION] Action demandée: reject
INFO 2025-08-29 18:19:27,003 views 762 140359734353920 📝 [BULK VALIDATION] Raison de rejet: Veuillez fournir un document plus clair
INFO 2025-08-29 18:19:27,005 views 762 140359734353920 📊 [BULK VALIDATION] Documents en attente trouvés: 0
ERROR 2025-08-29 18:19:27,006 views 762 140359734353920 ❌ [BULK VALIDATION] Aucun document en attente
WARNING 2025-08-29 18:19:27,006 log 762 140359734353920 Not Found: /api/auth/admin/users/56f3fe70-05e3-4284-8fad-ed0475225398/validate-latest-document/
WARNING 2025-08-29 18:36:55,771 log 762 140359734353920 Not Found: /
WARNING 2025-08-29 18:38:50,234 log 762 140359734353920 Not Found: /cgi-bin/luci/;stok=/locale
DEBUG 2025-08-29 18:43:01,104 ws_protocol 733 139824068919296 WebSocket closed for ['127.0.0.1', 58324]
WARNING 2025-08-29 18:44:31,718 log 760 140359734353920 Not Found: /
INFO 2025-08-29 18:47:34,246 fcm 2948 140547508826112 ✅ Firebase Admin SDK initialisé
INFO 2025-08-29 18:47:35,659 fcm 3015 140545302515712 ✅ Firebase Admin SDK initialisé
INFO 2025-08-29 18:47:36,839 fcm 3017 140347841298432 ✅ Firebase Admin SDK initialisé
INFO 2025-08-29 18:47:43,029 server 733 139824068919296 Killed 0 pending application instances
INFO 2025-08-29 18:47:47,721 cli 3066 140004904443904 Starting server at tcp:port=8002:interface=127.0.0.1
INFO 2025-08-29 18:47:47,722 server 3066 140004904443904 HTTP/2 support not enabled (install the http2 and tls Twisted extras)
INFO 2025-08-29 18:47:47,722 server 3066 140004904443904 Configuring endpoint tcp:port=8002:interface=127.0.0.1
INFO 2025-08-29 18:47:47,722 server 3066 140004904443904 Listening on TCP address 127.0.0.1:8002
INFO 2025-08-29 18:49:23,169 fcm 3069 140236861599744 ✅ Firebase Admin SDK initialisé
WARNING 2025-08-29 18:49:23,274 log 3069 140236861599744 Not Found: /api/api/fcm-test/
INFO 2025-08-29 18:49:35,133 fcm 3070 140236861599744 ✅ Firebase Admin SDK initialisé
WARNING 2025-08-29 18:49:35,250 log 3070 140236861599744 Unauthorized: /api/fcm-test/
INFO 2025-08-29 18:51:30,918 fcm 3068 140236861599744 ✅ Firebase Admin SDK initialisé
INFO 2025-08-29 18:52:06,394 views 3069 140236861599744 📦=> [BULK VALIDATION] Before logger
ERROR 2025-08-29 18:52:06,395 log 3069 140236861599744 Internal Server Error: /api/fcm-test/
Traceback (most recent call last):
  File "/var/www/html/packandgo_api/venv/lib/python3.10/site-packages/django/core/handlers/exception.py", line 55, in inner
    response = get_response(request)
  File "/var/www/html/packandgo_api/venv/lib/python3.10/site-packages/django/core/handlers/base.py", line 197, in _get_response
    response = wrapped_callback(request, *callback_args, **callback_kwargs)
  File "/var/www/html/packandgo_api/venv/lib/python3.10/site-packages/django/views/decorators/csrf.py", line 65, in _view_wrapper
    return view_func(request, *args, **kwargs)
  File "/var/www/html/packandgo_api/venv/lib/python3.10/site-packages/django/views/generic/base.py", line 104, in view
    return self.dispatch(request, *args, **kwargs)
  File "/var/www/html/packandgo_api/venv/lib/python3.10/site-packages/rest_framework/views.py", line 515, in dispatch
    response = self.handle_exception(exc)
  File "/var/www/html/packandgo_api/venv/lib/python3.10/site-packages/rest_framework/views.py", line 475, in handle_exception
    self.raise_uncaught_exception(exc)
  File "/var/www/html/packandgo_api/venv/lib/python3.10/site-packages/rest_framework/views.py", line 486, in raise_uncaught_exception
    raise exc
  File "/var/www/html/packandgo_api/venv/lib/python3.10/site-packages/rest_framework/views.py", line 512, in dispatch
    response = handler(request, *args, **kwargs)
  File "/var/www/html/packandgo_api/venv/lib/python3.10/site-packages/rest_framework/decorators.py", line 50, in handler
    return func(*args, **kwargs)
  File "/var/www/html/packandgo_api/authentication/views.py", line 2649, in send_test_fcm
    notify_user_by_fcm(
TypeError: notify_user_by_fcm() got an unexpected keyword argument 'is_bulk'
INFO 2025-08-29 18:54:55,861 fcm 3859 140505742262272 ✅ Firebase Admin SDK initialisé
INFO 2025-08-29 18:54:56,904 fcm 3860 139631431426048 ✅ Firebase Admin SDK initialisé
INFO 2025-08-29 18:54:58,025 fcm 3862 140521152561152 ✅ Firebase Admin SDK initialisé
INFO 2025-08-29 18:55:05,263 server 3066 140004904443904 Killed 0 pending application instances
INFO 2025-08-29 18:55:09,771 cli 3913 139992470790144 Starting server at tcp:port=8002:interface=127.0.0.1
INFO 2025-08-29 18:55:09,772 server 3913 139992470790144 HTTP/2 support not enabled (install the http2 and tls Twisted extras)
INFO 2025-08-29 18:55:09,772 server 3913 139992470790144 Configuring endpoint tcp:port=8002:interface=127.0.0.1
INFO 2025-08-29 18:55:09,773 server 3913 139992470790144 Listening on TCP address 127.0.0.1:8002
INFO 2025-08-29 18:55:36,613 fcm 3917 140446873874432 ✅ Firebase Admin SDK initialisé
INFO 2025-08-29 18:55:36,738 views 3917 140446873874432 📦=> [BULK VALIDATION] Before logger
INFO 2025-08-29 18:55:36,738 fcm 3917 140446873874432  _ notify_user_by_fcm appelée pour booking 
DEBUG 2025-08-29 18:55:36,738 retry 3917 140446873874432 Converted retries value: 3 -> Retry(total=3, connect=None, read=None, redirect=None, status=None)
DEBUG 2025-08-29 18:55:36,920 connectionpool 3917 140446873874432 Starting new HTTPS connection (1): oauth2.googleapis.com:443
DEBUG 2025-08-29 18:55:36,966 connectionpool 3917 140446873874432 https://oauth2.googleapis.com:443 "POST /token HTTP/1.1" 200 None
DEBUG 2025-08-29 18:55:36,968 connectionpool 3917 140446873874432 Starting new HTTPS connection (1): fcm.googleapis.com:443
DEBUG 2025-08-29 18:55:37,073 connectionpool 3917 140446873874432 https://fcm.googleapis.com:443 "POST /v1/projects/med-app-8e5b5/messages:send HTTP/1.1" 200 None
INFO 2025-08-29 18:56:36,030 fcm 3915 140446873874432 ✅ Firebase Admin SDK initialisé
INFO 2025-08-29 18:56:36,146 views 3915 140446873874432 📦=> [BULK VALIDATION] Before logger
INFO 2025-08-29 18:56:36,147 fcm 3915 140446873874432  _ notify_user_by_fcm appelée pour booking 
DEBUG 2025-08-29 18:56:36,147 retry 3915 140446873874432 Converted retries value: 3 -> Retry(total=3, connect=None, read=None, redirect=None, status=None)
DEBUG 2025-08-29 18:56:36,310 connectionpool 3915 140446873874432 Starting new HTTPS connection (1): oauth2.googleapis.com:443
DEBUG 2025-08-29 18:56:36,361 connectionpool 3915 140446873874432 https://oauth2.googleapis.com:443 "POST /token HTTP/1.1" 200 None
DEBUG 2025-08-29 18:56:36,363 connectionpool 3915 140446873874432 Starting new HTTPS connection (1): fcm.googleapis.com:443
DEBUG 2025-08-29 18:56:36,469 connectionpool 3915 140446873874432 https://fcm.googleapis.com:443 "POST /v1/projects/med-app-8e5b5/messages:send HTTP/1.1" 200 None
INFO 2025-08-29 18:56:50,324 fcm 3916 140446873874432 ✅ Firebase Admin SDK initialisé
INFO 2025-08-29 18:56:50,443 views 3916 140446873874432 📦=> [BULK VALIDATION] Before logger
INFO 2025-08-29 18:56:50,443 fcm 3916 140446873874432  _ notify_user_by_fcm appelée pour booking 
DEBUG 2025-08-29 18:56:50,444 retry 3916 140446873874432 Converted retries value: 3 -> Retry(total=3, connect=None, read=None, redirect=None, status=None)
DEBUG 2025-08-29 18:56:50,621 connectionpool 3916 140446873874432 Starting new HTTPS connection (1): oauth2.googleapis.com:443
DEBUG 2025-08-29 18:56:50,671 connectionpool 3916 140446873874432 https://oauth2.googleapis.com:443 "POST /token HTTP/1.1" 200 None
DEBUG 2025-08-29 18:56:50,673 connectionpool 3916 140446873874432 Starting new HTTPS connection (1): fcm.googleapis.com:443
DEBUG 2025-08-29 18:56:50,760 connectionpool 3916 140446873874432 https://fcm.googleapis.com:443 "POST /v1/projects/med-app-8e5b5/messages:send HTTP/1.1" 200 None
WARNING 2025-08-29 18:57:04,051 log 3917 140446873874432 Not Found: /
WARNING 2025-08-29 19:00:25,871 log 3917 140446873874432 Not Found: /
DEBUG 2025-08-29 19:01:20,214 http_protocol 3913 139992470790144 Upgraded connection ['127.0.0.1', 51018] to WebSocket
WARNING 2025-08-29 19:01:20,227 log 3916 140446873874432 Unauthorized: /api/auth/profile/
WARNING 2025-08-29 19:01:20,255 log 3916 140446873874432 Unauthorized: /api/unread-counts/
DEBUG 2025-08-29 19:01:20,277 ws_protocol 3913 139992470790144 WebSocket ['127.0.0.1', 51018] open and established
DEBUG 2025-08-29 19:01:20,278 ws_protocol 3913 139992470790144 WebSocket ['127.0.0.1', 51018] accepted by application
DEBUG 2025-08-29 19:01:20,327 ws_protocol 3913 139992470790144 Sent WebSocket packet to client for ['127.0.0.1', 51018]
DEBUG 2025-08-29 19:01:26,308 ws_protocol 3913 139992470790144 WebSocket closed for ['127.0.0.1', 51018]
DEBUG 2025-08-29 19:01:30,623 http_protocol 3913 139992470790144 Upgraded connection ['127.0.0.1', 41064] to WebSocket
DEBUG 2025-08-29 19:01:30,641 ws_protocol 3913 139992470790144 WebSocket ['127.0.0.1', 41064] open and established
DEBUG 2025-08-29 19:01:30,641 ws_protocol 3913 139992470790144 WebSocket ['127.0.0.1', 41064] accepted by application
DEBUG 2025-08-29 19:01:30,678 ws_protocol 3913 139992470790144 Sent WebSocket packet to client for ['127.0.0.1', 41064]
INFO 2025-08-29 19:01:31,504 views 3916 140446873874432 le user country est: Bénin
DEBUG 2025-08-29 19:01:33,768 selector_events 3915 140446873874432 Using selector: EpollSelector
DEBUG 2025-08-29 19:01:33,828 ws_protocol 3913 139992470790144 Sent WebSocket packet to client for ['127.0.0.1', 41064]
DEBUG 2025-08-29 19:04:52,462 ws_protocol 3913 139992470790144 WebSocket closed for ['127.0.0.1', 41064]
DEBUG 2025-08-29 19:07:44,769 http_protocol 3913 139992470790144 Upgraded connection ['127.0.0.1', 54328] to WebSocket
DEBUG 2025-08-29 19:07:44,789 ws_protocol 3913 139992470790144 WebSocket ['127.0.0.1', 54328] open and established
DEBUG 2025-08-29 19:07:44,789 ws_protocol 3913 139992470790144 WebSocket ['127.0.0.1', 54328] accepted by application
DEBUG 2025-08-29 19:07:44,840 ws_protocol 3913 139992470790144 Sent WebSocket packet to client for ['127.0.0.1', 54328]
DEBUG 2025-08-29 19:09:06,687 ws_protocol 3913 139992470790144 WebSocket closed for ['127.0.0.1', 54328]
DEBUG 2025-08-29 19:10:07,621 http_protocol 3913 139992470790144 Upgraded connection ['127.0.0.1', 35862] to WebSocket
DEBUG 2025-08-29 19:10:07,640 ws_protocol 3913 139992470790144 WebSocket ['127.0.0.1', 35862] open and established
DEBUG 2025-08-29 19:10:07,640 ws_protocol 3913 139992470790144 WebSocket ['127.0.0.1', 35862] accepted by application
DEBUG 2025-08-29 19:10:07,682 ws_protocol 3913 139992470790144 Sent WebSocket packet to client for ['127.0.0.1', 35862]
DEBUG 2025-08-29 19:12:48,901 ws_protocol 3913 139992470790144 WebSocket closed for ['127.0.0.1', 35862]
INFO 2025-08-29 19:15:42,294 fcm 4795 140397606727680 ✅ Firebase Admin SDK initialisé
INFO 2025-08-29 19:15:43,196 fcm 4796 140192564903936 ✅ Firebase Admin SDK initialisé
INFO 2025-08-29 19:15:44,232 fcm 4798 140502868664320 ✅ Firebase Admin SDK initialisé
INFO 2025-08-29 19:15:50,153 server 3913 139992470790144 Killed 0 pending application instances
INFO 2025-08-29 19:15:54,716 cli 4846 140117827645440 Starting server at tcp:port=8002:interface=127.0.0.1
INFO 2025-08-29 19:15:54,717 server 4846 140117827645440 HTTP/2 support not enabled (install the http2 and tls Twisted extras)
INFO 2025-08-29 19:15:54,717 server 4846 140117827645440 Configuring endpoint tcp:port=8002:interface=127.0.0.1
INFO 2025-08-29 19:15:54,718 server 4846 140117827645440 Listening on TCP address 127.0.0.1:8002
DEBUG 2025-08-29 19:16:31,600 http_protocol 4846 140117827645440 Upgraded connection ['127.0.0.1', 59746] to WebSocket
DEBUG 2025-08-29 19:16:31,658 ws_protocol 4846 140117827645440 WebSocket ['127.0.0.1', 59746] open and established
DEBUG 2025-08-29 19:16:31,658 ws_protocol 4846 140117827645440 WebSocket ['127.0.0.1', 59746] accepted by application
DEBUG 2025-08-29 19:16:31,704 ws_protocol 4846 140117827645440 Sent WebSocket packet to client for ['127.0.0.1', 59746]
INFO 2025-08-29 19:16:56,438 fcm 4849 139955349286912 ✅ Firebase Admin SDK initialisé
WARNING 2025-08-29 19:16:56,545 log 4849 139955349286912 Unauthorized: /api/auth/admin/users/all/
INFO 2025-08-29 19:16:57,262 fcm 4850 139955349286912 ✅ Firebase Admin SDK initialisé
WARNING 2025-08-29 19:16:57,593 log 4849 139955349286912 Unauthorized: /api/auth/admin/users/all/
INFO 2025-08-29 19:17:01,450 fcm 4848 139955349286912 ✅ Firebase Admin SDK initialisé
DEBUG 2025-08-29 19:17:14,603 selector_events 4848 139955349286912 Using selector: EpollSelector
DEBUG 2025-08-29 19:17:14,647 ws_protocol 4846 140117827645440 Sent WebSocket packet to client for ['127.0.0.1', 59746]
INFO 2025-08-29 19:17:41,373 views 4848 139955349286912 🔍 [BULK VALIDATION] === DÉBUT VALIDATION BULK DOCUMENTS === User: 56f3fe70-05e3-4284-8fad-ed0475225398
INFO 2025-08-29 19:17:41,373 views 4848 139955349286912 👤 [BULK VALIDATION] Admin: admin@gmail.com
INFO 2025-08-29 19:17:41,374 views 4848 139955349286912 📋 [BULK VALIDATION] Données reçues: {'action': 'reject', 'rejection_reason': 'Veuillez fournir un document plus clair'}
INFO 2025-08-29 19:17:41,375 views 4848 139955349286912 ✅ [BULK VALIDATION] Utilisateur trouvé: yamow57479@futurejs.com
INFO 2025-08-29 19:17:41,375 views 4848 139955349286912 🎯 [BULK VALIDATION] Action demandée: reject
INFO 2025-08-29 19:17:41,375 views 4848 139955349286912 📝 [BULK VALIDATION] Raison de rejet: Veuillez fournir un document plus clair
INFO 2025-08-29 19:17:41,377 views 4848 139955349286912 📊 [BULK VALIDATION] Documents en attente trouvés: 1
INFO 2025-08-29 19:17:41,378 views 4848 139955349286912 📦 [BULK VALIDATION] Ensemble de documents à traiter: 1 documents
INFO 2025-08-29 19:17:41,379 views 4848 139955349286912 🔄 [BULK VALIDATION] Traitement des documents de type: passport
INFO 2025-08-29 19:17:41,382 views 4848 139955349286912 💾 [BULK VALIDATION] Document 98 traité: pending → rejected
INFO 2025-08-29 19:17:41,386 views 4848 139955349286912 👤 [BULK VALIDATION] Statut utilisateur - is_completed: False → False
INFO 2025-08-29 19:17:41,386 views 4848 139955349286912 🔔 [BULK VALIDATION] === ENVOI NOTIFICATIONS ===
INFO 2025-08-29 19:17:41,386 views 4848 139955349286912 📦=> [BULK VALIDATION] Before logger
INFO 2025-08-29 19:17:41,386 utils 4848 139955349286912 1 [BULK VALIDATION] STEP 1
INFO 2025-08-29 19:17:41,387 utils 4848 139955349286912 2 [BULK VALIDATION] STEP 2
INFO 2025-08-29 19:17:41,387 utils 4848 139955349286912 9 [BULK VALIDATION] STEP 9
INFO 2025-08-29 19:17:41,387 utils 4848 139955349286912 13 [BULK VALIDATION] STEP 13
INFO 2025-08-29 19:17:41,387 utils 4848 139955349286912 ===================================== [BULK VALIDATION] === ENVOI NOTIFICATIONS de type document_rejected===
INFO 2025-08-29 19:17:41,388 utils 4848 139955349286912 14 [BULK VALIDATION] STEP 14
DEBUG 2025-08-29 19:17:41,389 selector_events 4848 139955349286912 Using selector: EpollSelector
INFO 2025-08-29 19:17:41,392 utils 4848 139955349286912 15 [BULK VALIDATION] STEP 15
INFO 2025-08-29 19:17:41,395 utils 4848 139955349286912 notification create Notification document_rejected pour future
DEBUG 2025-08-29 19:17:41,396 selector_events 4848 139955349286912 Using selector: EpollSelector
INFO 2025-08-29 19:17:41,399 consumers 4846 140117827645440 📄❌ [WEBSOCKET] Envoi notification rejet document à future future (yamow57479@futurejs.com)
DEBUG 2025-08-29 19:17:41,399 ws_protocol 4846 140117827645440 Sent WebSocket packet to client for ['127.0.0.1', 59746]
INFO 2025-08-29 19:17:41,401 utils 4848 139955349286912 On tente l'envoie de Notification fcm 275eddc7-ac33-4c20-893f-3af0904139f8 
INFO 2025-08-29 19:17:41,401 utils 4848 139955349286912 Before notify_user_by_fcm
INFO 2025-08-29 19:17:41,401 fcm 4848 139955349286912  _ notify_user_by_fcm appelée pour booking 
DEBUG 2025-08-29 19:17:41,401 retry 4848 139955349286912 Converted retries value: 3 -> Retry(total=3, connect=None, read=None, redirect=None, status=None)
INFO 2025-08-29 19:17:41,604 utils 4848 139955349286912 After notify_user_by_fcm
INFO 2025-08-29 19:17:41,604 utils 4848 139955349286912 Notification 275eddc7-ac33-4c20-893f-3af0904139f8 créée et envoyée à yamow57479@futurejs.com
INFO 2025-08-29 19:17:41,604 utils 4848 139955349286912 16 [BULK VALIDATION] STEP 16
INFO 2025-08-29 19:17:41,604 views 4848 139955349286912 ✅ [BULK VALIDATION] Notifications envoyées avec succès
INFO 2025-08-29 19:17:42,857 views 4848 139955349286912 🎉 [BULK VALIDATION] === VALIDATION BULK TERMINÉE AVEC SUCCÈS ===
DEBUG 2025-08-29 19:21:13,329 ws_protocol 4846 140117827645440 WebSocket closed for ['127.0.0.1', 59746]
INFO 2025-08-29 19:22:13,220 fcm 5730 140162436534272 ✅ Firebase Admin SDK initialisé
INFO 2025-08-29 19:22:14,174 fcm 5732 140032501432320 ✅ Firebase Admin SDK initialisé
INFO 2025-08-29 19:22:15,361 fcm 5734 140658928955392 ✅ Firebase Admin SDK initialisé
INFO 2025-08-29 19:22:21,626 server 4846 140117827645440 Killed 0 pending application instances
INFO 2025-08-29 19:22:26,655 cli 5781 139994988617728 Starting server at tcp:port=8002:interface=127.0.0.1
INFO 2025-08-29 19:22:26,656 server 5781 139994988617728 HTTP/2 support not enabled (install the http2 and tls Twisted extras)
INFO 2025-08-29 19:22:26,656 server 5781 139994988617728 Configuring endpoint tcp:port=8002:interface=127.0.0.1
INFO 2025-08-29 19:22:26,657 server 5781 139994988617728 Listening on TCP address 127.0.0.1:8002
DEBUG 2025-08-29 19:22:54,684 http_protocol 5781 139994988617728 Upgraded connection ['127.0.0.1', 53484] to WebSocket
DEBUG 2025-08-29 19:22:54,741 ws_protocol 5781 139994988617728 WebSocket ['127.0.0.1', 53484] open and established
DEBUG 2025-08-29 19:22:54,741 ws_protocol 5781 139994988617728 WebSocket ['127.0.0.1', 53484] accepted by application
DEBUG 2025-08-29 19:22:54,790 ws_protocol 5781 139994988617728 Sent WebSocket packet to client for ['127.0.0.1', 53484]
INFO 2025-08-29 19:23:18,969 fcm 5785 139792053919744 ✅ Firebase Admin SDK initialisé
INFO 2025-08-29 19:23:19,650 fcm 5784 139792053919744 ✅ Firebase Admin SDK initialisé
DEBUG 2025-08-29 19:23:19,768 selector_events 5784 139792053919744 Using selector: EpollSelector
DEBUG 2025-08-29 19:23:19,818 ws_protocol 5781 139994988617728 Sent WebSocket packet to client for ['127.0.0.1', 53484]
INFO 2025-08-29 19:23:25,142 fcm 5783 139792053919744 ✅ Firebase Admin SDK initialisé
WARNING 2025-08-29 19:23:25,230 log 5783 139792053919744 Unauthorized: /api/auth/logout/
WARNING 2025-08-29 19:23:27,142 log 5783 139792053919744 Bad Request: /api/auth/logout/
DEBUG 2025-08-29 19:23:44,155 http_protocol 5781 139994988617728 Upgraded connection ['127.0.0.1', 48332] to WebSocket
DEBUG 2025-08-29 19:23:44,172 ws_protocol 5781 139994988617728 WebSocket ['127.0.0.1', 48332] open and established
DEBUG 2025-08-29 19:23:44,172 ws_protocol 5781 139994988617728 WebSocket ['127.0.0.1', 48332] accepted by application
DEBUG 2025-08-29 19:23:44,243 Image 5781 139994891023936 Importing AvifImagePlugin
DEBUG 2025-08-29 19:23:44,244 Image 5781 139994891023936 Importing BlpImagePlugin
DEBUG 2025-08-29 19:23:44,245 Image 5781 139994891023936 Importing BmpImagePlugin
DEBUG 2025-08-29 19:23:44,245 Image 5781 139994891023936 Importing BufrStubImagePlugin
DEBUG 2025-08-29 19:23:44,246 Image 5781 139994891023936 Importing CurImagePlugin
DEBUG 2025-08-29 19:23:44,246 Image 5781 139994891023936 Importing DcxImagePlugin
DEBUG 2025-08-29 19:23:44,247 Image 5781 139994891023936 Importing DdsImagePlugin
DEBUG 2025-08-29 19:23:44,250 Image 5781 139994891023936 Importing EpsImagePlugin
DEBUG 2025-08-29 19:23:44,251 Image 5781 139994891023936 Importing FitsImagePlugin
DEBUG 2025-08-29 19:23:44,252 Image 5781 139994891023936 Importing FliImagePlugin
DEBUG 2025-08-29 19:23:44,252 Image 5781 139994891023936 Importing FpxImagePlugin
DEBUG 2025-08-29 19:23:44,253 Image 5781 139994891023936 Image: failed to import FpxImagePlugin: No module named 'olefile'
DEBUG 2025-08-29 19:23:44,253 Image 5781 139994891023936 Importing FtexImagePlugin
DEBUG 2025-08-29 19:23:44,254 Image 5781 139994891023936 Importing GbrImagePlugin
DEBUG 2025-08-29 19:23:44,254 Image 5781 139994891023936 Importing GifImagePlugin
DEBUG 2025-08-29 19:23:44,254 Image 5781 139994891023936 Importing GribStubImagePlugin
DEBUG 2025-08-29 19:23:44,255 Image 5781 139994891023936 Importing Hdf5StubImagePlugin
DEBUG 2025-08-29 19:23:44,255 Image 5781 139994891023936 Importing IcnsImagePlugin
DEBUG 2025-08-29 19:23:44,257 Image 5781 139994891023936 Importing IcoImagePlugin
DEBUG 2025-08-29 19:23:44,258 Image 5781 139994891023936 Importing ImImagePlugin
DEBUG 2025-08-29 19:23:44,258 Image 5781 139994891023936 Importing ImtImagePlugin
DEBUG 2025-08-29 19:23:44,259 Image 5781 139994891023936 Importing IptcImagePlugin
DEBUG 2025-08-29 19:23:44,259 Image 5781 139994891023936 Importing JpegImagePlugin
DEBUG 2025-08-29 19:23:44,260 Image 5781 139994891023936 Importing Jpeg2KImagePlugin
DEBUG 2025-08-29 19:23:44,260 Image 5781 139994891023936 Importing McIdasImagePlugin
DEBUG 2025-08-29 19:23:44,260 Image 5781 139994891023936 Importing MicImagePlugin
DEBUG 2025-08-29 19:23:44,261 Image 5781 139994891023936 Image: failed to import MicImagePlugin: No module named 'olefile'
DEBUG 2025-08-29 19:23:44,261 Image 5781 139994891023936 Importing MpegImagePlugin
DEBUG 2025-08-29 19:23:44,261 Image 5781 139994891023936 Importing MpoImagePlugin
DEBUG 2025-08-29 19:23:44,265 Image 5781 139994891023936 Importing MspImagePlugin
DEBUG 2025-08-29 19:23:44,265 Image 5781 139994891023936 Importing PalmImagePlugin
DEBUG 2025-08-29 19:23:44,266 Image 5781 139994891023936 Importing PcdImagePlugin
DEBUG 2025-08-29 19:23:44,266 Image 5781 139994891023936 Importing PcxImagePlugin
DEBUG 2025-08-29 19:23:44,267 Image 5781 139994891023936 Importing PdfImagePlugin
DEBUG 2025-08-29 19:23:44,272 Image 5781 139994891023936 Importing PixarImagePlugin
DEBUG 2025-08-29 19:23:44,273 Image 5781 139994891023936 Importing PngImagePlugin
DEBUG 2025-08-29 19:23:44,273 Image 5781 139994891023936 Importing PpmImagePlugin
DEBUG 2025-08-29 19:23:44,273 Image 5781 139994891023936 Importing PsdImagePlugin
DEBUG 2025-08-29 19:23:44,273 Image 5781 139994891023936 Importing QoiImagePlugin
DEBUG 2025-08-29 19:23:44,274 Image 5781 139994891023936 Importing SgiImagePlugin
DEBUG 2025-08-29 19:23:44,274 Image 5781 139994891023936 Importing SpiderImagePlugin
DEBUG 2025-08-29 19:23:44,275 Image 5781 139994891023936 Importing SunImagePlugin
DEBUG 2025-08-29 19:23:44,275 Image 5781 139994891023936 Importing TgaImagePlugin
DEBUG 2025-08-29 19:23:44,276 Image 5781 139994891023936 Importing TiffImagePlugin
DEBUG 2025-08-29 19:23:44,276 Image 5781 139994891023936 Importing WebPImagePlugin
DEBUG 2025-08-29 19:23:44,279 Image 5781 139994891023936 Importing WmfImagePlugin
DEBUG 2025-08-29 19:23:44,280 Image 5781 139994891023936 Importing XbmImagePlugin
DEBUG 2025-08-29 19:23:44,281 Image 5781 139994891023936 Importing XpmImagePlugin
DEBUG 2025-08-29 19:23:44,282 Image 5781 139994891023936 Importing XVThumbImagePlugin
DEBUG 2025-08-29 19:23:44,320 ws_protocol 5781 139994988617728 Sent WebSocket packet to client for ['127.0.0.1', 48332]
INFO 2025-08-29 19:23:46,440 views 5785 139792053919744 🔍 [BULK VALIDATION] === DÉBUT VALIDATION BULK DOCUMENTS === User: 56f3fe70-05e3-4284-8fad-ed0475225398
INFO 2025-08-29 19:23:46,441 views 5785 139792053919744 👤 [BULK VALIDATION] Admin: admin@gmail.com
INFO 2025-08-29 19:23:46,441 views 5785 139792053919744 📋 [BULK VALIDATION] Données reçues: {'action': 'reject', 'rejection_reason': 'Veuillez fournir un document plus clair'}
INFO 2025-08-29 19:23:46,443 views 5785 139792053919744 ✅ [BULK VALIDATION] Utilisateur trouvé: yamow57479@futurejs.com
INFO 2025-08-29 19:23:46,443 views 5785 139792053919744 🎯 [BULK VALIDATION] Action demandée: reject
INFO 2025-08-29 19:23:46,443 views 5785 139792053919744 📝 [BULK VALIDATION] Raison de rejet: Veuillez fournir un document plus clair
INFO 2025-08-29 19:23:46,445 views 5785 139792053919744 📊 [BULK VALIDATION] Documents en attente trouvés: 1
INFO 2025-08-29 19:23:46,447 views 5785 139792053919744 📦 [BULK VALIDATION] Ensemble de documents à traiter: 1 documents
INFO 2025-08-29 19:23:46,448 views 5785 139792053919744 🔄 [BULK VALIDATION] Traitement des documents de type: passport
INFO 2025-08-29 19:23:46,452 views 5785 139792053919744 💾 [BULK VALIDATION] Document 99 traité: pending → rejected
INFO 2025-08-29 19:23:46,456 views 5785 139792053919744 👤 [BULK VALIDATION] Statut utilisateur - is_completed: False → False
INFO 2025-08-29 19:23:46,456 views 5785 139792053919744 🔔 [BULK VALIDATION] === ENVOI NOTIFICATIONS ===
INFO 2025-08-29 19:23:46,456 views 5785 139792053919744 📦=> [BULK VALIDATION] Before logger
INFO 2025-08-29 19:23:46,456 utils 5785 139792053919744 1 [BULK VALIDATION] STEP 1
INFO 2025-08-29 19:23:46,457 utils 5785 139792053919744 2 [BULK VALIDATION] STEP 2
INFO 2025-08-29 19:23:46,457 utils 5785 139792053919744 9 [BULK VALIDATION] STEP 9
INFO 2025-08-29 19:23:46,458 utils 5785 139792053919744 13 [BULK VALIDATION] STEP 13
INFO 2025-08-29 19:23:46,458 utils 5785 139792053919744 ===================================== [BULK VALIDATION] === ENVOI NOTIFICATIONS de type document_rejected===
INFO 2025-08-29 19:23:46,458 utils 5785 139792053919744 14 [BULK VALIDATION] STEP 14
DEBUG 2025-08-29 19:23:46,459 selector_events 5785 139792053919744 Using selector: EpollSelector
INFO 2025-08-29 19:23:46,463 utils 5785 139792053919744 15 [BULK VALIDATION] STEP 15
INFO 2025-08-29 19:23:46,467 utils 5785 139792053919744 notification create Notification document_rejected pour future
DEBUG 2025-08-29 19:23:46,467 selector_events 5785 139792053919744 Using selector: EpollSelector
INFO 2025-08-29 19:23:46,472 consumers 5781 139994988617728 📄❌ [WEBSOCKET] Envoi notification rejet document à future future (yamow57479@futurejs.com)
DEBUG 2025-08-29 19:23:46,473 ws_protocol 5781 139994988617728 Sent WebSocket packet to client for ['127.0.0.1', 53484]
INFO 2025-08-29 19:23:46,474 utils 5785 139792053919744 On tente l'envoie de Notification fcm f4251e3f-335c-4f56-b485-c6ba84845b49 
INFO 2025-08-29 19:23:46,475 utils 5785 139792053919744 Before notify_user_by_fcm
INFO 2025-08-29 19:23:46,475 fcm 5785 139792053919744  _ notify_user_by_fcm appelée pour booking 
INFO 2025-08-29 19:23:46,475 fcm 5785 139792053919744  _ notify_user_by_fcm user.fcm_token f5e8M3JeSz6NR8Eu6WUk6s:APA91bFrdT0r36UvDTN5nVDquxXCHL2JwkIBtU8dYz-entQUl6QwWEsA22bhlTmvIu-bRy3axjyjLrTsjiz4kSX58Vry1slM9usoML0k3LNHEgShlHbEMSM 
INFO 2025-08-29 19:23:46,475 fcm 5785 139792053919744  _ notify_user_by_fcm user future future (yamow57479@futurejs.com) 
DEBUG 2025-08-29 19:23:46,475 retry 5785 139792053919744 Converted retries value: 3 -> Retry(total=3, connect=None, read=None, redirect=None, status=None)
INFO 2025-08-29 19:23:46,713 utils 5785 139792053919744 After notify_user_by_fcm
INFO 2025-08-29 19:23:46,713 utils 5785 139792053919744 Notification f4251e3f-335c-4f56-b485-c6ba84845b49 créée et envoyée à yamow57479@futurejs.com
INFO 2025-08-29 19:23:46,713 utils 5785 139792053919744 16 [BULK VALIDATION] STEP 16
INFO 2025-08-29 19:23:46,713 views 5785 139792053919744 ✅ [BULK VALIDATION] Notifications envoyées avec succès
INFO 2025-08-29 19:23:47,818 views 5785 139792053919744 🎉 [BULK VALIDATION] === VALIDATION BULK TERMINÉE AVEC SUCCÈS ===
DEBUG 2025-08-29 19:24:16,398 ws_protocol 5781 139994988617728 WebSocket closed for ['127.0.0.1', 48332]
DEBUG 2025-08-29 19:24:41,227 selector_events 5783 139792053919744 Using selector: EpollSelector
DEBUG 2025-08-29 19:24:41,280 ws_protocol 5781 139994988617728 Sent WebSocket packet to client for ['127.0.0.1', 53484]
INFO 2025-08-29 19:25:41,702 views 5785 139792053919744 🔍 [BULK VALIDATION] === DÉBUT VALIDATION BULK DOCUMENTS === User: 56f3fe70-05e3-4284-8fad-ed0475225398
INFO 2025-08-29 19:25:41,703 views 5785 139792053919744 👤 [BULK VALIDATION] Admin: admin@gmail.com
INFO 2025-08-29 19:25:41,703 views 5785 139792053919744 📋 [BULK VALIDATION] Données reçues: {'action': 'reject', 'rejection_reason': 'Veuillez fournir un document plus clair'}
INFO 2025-08-29 19:25:41,704 views 5785 139792053919744 ✅ [BULK VALIDATION] Utilisateur trouvé: yamow57479@futurejs.com
INFO 2025-08-29 19:25:41,705 views 5785 139792053919744 🎯 [BULK VALIDATION] Action demandée: reject
INFO 2025-08-29 19:25:41,705 views 5785 139792053919744 📝 [BULK VALIDATION] Raison de rejet: Veuillez fournir un document plus clair
INFO 2025-08-29 19:25:41,706 views 5785 139792053919744 📊 [BULK VALIDATION] Documents en attente trouvés: 1
INFO 2025-08-29 19:25:41,708 views 5785 139792053919744 📦 [BULK VALIDATION] Ensemble de documents à traiter: 1 documents
INFO 2025-08-29 19:25:41,708 views 5785 139792053919744 🔄 [BULK VALIDATION] Traitement des documents de type: passport
INFO 2025-08-29 19:25:41,712 views 5785 139792053919744 💾 [BULK VALIDATION] Document 100 traité: pending → rejected
INFO 2025-08-29 19:25:41,716 views 5785 139792053919744 👤 [BULK VALIDATION] Statut utilisateur - is_completed: False → False
INFO 2025-08-29 19:25:41,716 views 5785 139792053919744 🔔 [BULK VALIDATION] === ENVOI NOTIFICATIONS ===
INFO 2025-08-29 19:25:41,716 views 5785 139792053919744 📦=> [BULK VALIDATION] Before logger
INFO 2025-08-29 19:25:41,716 utils 5785 139792053919744 1 [BULK VALIDATION] STEP 1
INFO 2025-08-29 19:25:41,717 utils 5785 139792053919744 2 [BULK VALIDATION] STEP 2
INFO 2025-08-29 19:25:41,717 utils 5785 139792053919744 9 [BULK VALIDATION] STEP 9
INFO 2025-08-29 19:25:41,717 utils 5785 139792053919744 13 [BULK VALIDATION] STEP 13
INFO 2025-08-29 19:25:41,717 utils 5785 139792053919744 ===================================== [BULK VALIDATION] === ENVOI NOTIFICATIONS de type document_rejected===
INFO 2025-08-29 19:25:41,717 utils 5785 139792053919744 14 [BULK VALIDATION] STEP 14
DEBUG 2025-08-29 19:25:41,719 selector_events 5785 139792053919744 Using selector: EpollSelector
INFO 2025-08-29 19:25:41,722 utils 5785 139792053919744 15 [BULK VALIDATION] STEP 15
INFO 2025-08-29 19:25:41,725 utils 5785 139792053919744 notification create Notification document_rejected pour future
DEBUG 2025-08-29 19:25:41,726 selector_events 5785 139792053919744 Using selector: EpollSelector
INFO 2025-08-29 19:25:41,729 consumers 5781 139994988617728 📄❌ [WEBSOCKET] Envoi notification rejet document à future future (yamow57479@futurejs.com)
DEBUG 2025-08-29 19:25:41,730 ws_protocol 5781 139994988617728 Sent WebSocket packet to client for ['127.0.0.1', 53484]
INFO 2025-08-29 19:25:41,731 utils 5785 139792053919744 On tente l'envoie de Notification fcm 08405cd3-ab3d-46fa-91b9-397816424295 
INFO 2025-08-29 19:25:41,731 utils 5785 139792053919744 Before notify_user_by_fcm
INFO 2025-08-29 19:25:41,731 fcm 5785 139792053919744  _ notify_user_by_fcm appelée pour booking 
INFO 2025-08-29 19:25:41,731 fcm 5785 139792053919744  _ notify_user_by_fcm user.fcm_token f5e8M3JeSz6NR8Eu6WUk6s:APA91bFrdT0r36UvDTN5nVDquxXCHL2JwkIBtU8dYz-entQUl6QwWEsA22bhlTmvIu-bRy3axjyjLrTsjiz4kSX58Vry1slM9usoML0k3LNHEgShlHbEMSM 
INFO 2025-08-29 19:25:41,731 fcm 5785 139792053919744  _ notify_user_by_fcm user future future (yamow57479@futurejs.com) 
INFO 2025-08-29 19:25:41,733 utils 5785 139792053919744 After notify_user_by_fcm
INFO 2025-08-29 19:25:41,733 utils 5785 139792053919744 Notification 08405cd3-ab3d-46fa-91b9-397816424295 créée et envoyée à yamow57479@futurejs.com
INFO 2025-08-29 19:25:41,733 utils 5785 139792053919744 16 [BULK VALIDATION] STEP 16
INFO 2025-08-29 19:25:41,733 views 5785 139792053919744 ✅ [BULK VALIDATION] Notifications envoyées avec succès
INFO 2025-08-29 19:25:42,889 views 5785 139792053919744 🎉 [BULK VALIDATION] === VALIDATION BULK TERMINÉE AVEC SUCCÈS ===
DEBUG 2025-08-29 19:26:42,310 selector_events 5784 139792053919744 Using selector: EpollSelector
DEBUG 2025-08-29 19:26:42,384 ws_protocol 5781 139994988617728 Sent WebSocket packet to client for ['127.0.0.1', 53484]
INFO 2025-08-29 19:27:02,429 views 5785 139792053919744 🔍 [BULK VALIDATION] === DÉBUT VALIDATION BULK DOCUMENTS === User: 56f3fe70-05e3-4284-8fad-ed0475225398
INFO 2025-08-29 19:27:02,429 views 5785 139792053919744 👤 [BULK VALIDATION] Admin: admin@gmail.com
INFO 2025-08-29 19:27:02,430 views 5785 139792053919744 📋 [BULK VALIDATION] Données reçues: {'action': 'reject', 'rejection_reason': 'Veuillez fournir un document plus clair'}
INFO 2025-08-29 19:27:02,431 views 5785 139792053919744 ✅ [BULK VALIDATION] Utilisateur trouvé: yamow57479@futurejs.com
INFO 2025-08-29 19:27:02,431 views 5785 139792053919744 🎯 [BULK VALIDATION] Action demandée: reject
INFO 2025-08-29 19:27:02,431 views 5785 139792053919744 📝 [BULK VALIDATION] Raison de rejet: Veuillez fournir un document plus clair
INFO 2025-08-29 19:27:02,433 views 5785 139792053919744 📊 [BULK VALIDATION] Documents en attente trouvés: 2
INFO 2025-08-29 19:27:02,440 views 5785 139792053919744 📦 [BULK VALIDATION] Ensemble de documents à traiter: 2 documents
INFO 2025-08-29 19:27:02,441 views 5785 139792053919744 🔄 [BULK VALIDATION] Traitement des documents de type: id_card
INFO 2025-08-29 19:27:02,446 views 5785 139792053919744 💾 [BULK VALIDATION] Document 102 traité: pending → rejected
INFO 2025-08-29 19:27:02,450 views 5785 139792053919744 💾 [BULK VALIDATION] Document 101 traité: pending → rejected
INFO 2025-08-29 19:27:02,453 views 5785 139792053919744 👤 [BULK VALIDATION] Statut utilisateur - is_completed: False → False
INFO 2025-08-29 19:27:02,453 views 5785 139792053919744 🔔 [BULK VALIDATION] === ENVOI NOTIFICATIONS ===
INFO 2025-08-29 19:27:02,453 views 5785 139792053919744 📦=> [BULK VALIDATION] Before logger
INFO 2025-08-29 19:27:02,453 utils 5785 139792053919744 1 [BULK VALIDATION] STEP 1
INFO 2025-08-29 19:27:02,454 utils 5785 139792053919744 2 [BULK VALIDATION] STEP 2
INFO 2025-08-29 19:27:02,455 utils 5785 139792053919744 9 [BULK VALIDATION] STEP 9
INFO 2025-08-29 19:27:02,455 utils 5785 139792053919744 10 [BULK VALIDATION] STEP 10
INFO 2025-08-29 19:27:02,455 utils 5785 139792053919744 11 [BULK VALIDATION] STEP 11
DEBUG 2025-08-29 19:27:02,456 selector_events 5785 139792053919744 Using selector: EpollSelector
INFO 2025-08-29 19:27:02,459 utils 5785 139792053919744 12 [BULK VALIDATION] STEP 12
INFO 2025-08-29 19:27:02,462 utils 5785 139792053919744 notification create Notification document_rejected pour future
DEBUG 2025-08-29 19:27:02,463 selector_events 5785 139792053919744 Using selector: EpollSelector
INFO 2025-08-29 19:27:02,466 consumers 5781 139994988617728 📄❌ [WEBSOCKET] Envoi notification rejet document à future future (yamow57479@futurejs.com)
DEBUG 2025-08-29 19:27:02,467 ws_protocol 5781 139994988617728 Sent WebSocket packet to client for ['127.0.0.1', 53484]
INFO 2025-08-29 19:27:02,469 utils 5785 139792053919744 On tente l'envoie de Notification fcm f4158294-a8ca-4447-b6c3-49f7c3c2ab46 
INFO 2025-08-29 19:27:02,469 utils 5785 139792053919744 Before notify_user_by_fcm
INFO 2025-08-29 19:27:02,469 fcm 5785 139792053919744  _ notify_user_by_fcm appelée pour booking 
INFO 2025-08-29 19:27:02,469 fcm 5785 139792053919744  _ notify_user_by_fcm user.fcm_token f5e8M3JeSz6NR8Eu6WUk6s:APA91bFrdT0r36UvDTN5nVDquxXCHL2JwkIBtU8dYz-entQUl6QwWEsA22bhlTmvIu-bRy3axjyjLrTsjiz4kSX58Vry1slM9usoML0k3LNHEgShlHbEMSM 
INFO 2025-08-29 19:27:02,469 fcm 5785 139792053919744  _ notify_user_by_fcm user future future (yamow57479@futurejs.com) 
INFO 2025-08-29 19:27:02,471 utils 5785 139792053919744 After notify_user_by_fcm
INFO 2025-08-29 19:27:02,471 utils 5785 139792053919744 Notification f4158294-a8ca-4447-b6c3-49f7c3c2ab46 créée et envoyée à yamow57479@futurejs.com
INFO 2025-08-29 19:27:02,471 utils 5785 139792053919744 16 [BULK VALIDATION] STEP 16
INFO 2025-08-29 19:27:02,471 views 5785 139792053919744 ✅ [BULK VALIDATION] Notifications envoyées avec succès
DEBUG 2025-08-29 19:27:03,235 ws_protocol 5781 139994988617728 WebSocket closed for ['127.0.0.1', 53484]
INFO 2025-08-29 19:27:04,131 views 5785 139792053919744 🎉 [BULK VALIDATION] === VALIDATION BULK TERMINÉE AVEC SUCCÈS ===
DEBUG 2025-08-29 19:29:13,761 http_protocol 5781 139994988617728 Upgraded connection ['127.0.0.1', 55844] to WebSocket
DEBUG 2025-08-29 19:29:13,781 ws_protocol 5781 139994988617728 WebSocket ['127.0.0.1', 55844] open and established
DEBUG 2025-08-29 19:29:13,781 ws_protocol 5781 139994988617728 WebSocket ['127.0.0.1', 55844] accepted by application
DEBUG 2025-08-29 19:29:13,835 ws_protocol 5781 139994988617728 Sent WebSocket packet to client for ['127.0.0.1', 55844]
INFO 2025-08-29 19:29:14,226 views 5784 139792053919744 le user country est: Bénin
DEBUG 2025-08-29 19:29:15,217 selector_events 5783 139792053919744 Using selector: EpollSelector
DEBUG 2025-08-29 19:29:15,254 ws_protocol 5781 139994988617728 Sent WebSocket packet to client for ['127.0.0.1', 55844]
INFO 2025-08-29 19:31:00,545 views 5783 139792053919744 📦=> [BULK VALIDATION] Before logger
INFO 2025-08-29 19:31:00,545 fcm 5783 139792053919744  _ notify_user_by_fcm appelée pour booking 
INFO 2025-08-29 19:31:00,545 fcm 5783 139792053919744  _ notify_user_by_fcm user.fcm_token f5e8M3JeSz6NR8Eu6WUk6s:APA91bFrdT0r36UvDTN5nVDquxXCHL2JwkIBtU8dYz-entQUl6QwWEsA22bhlTmvIu-bRy3axjyjLrTsjiz4kSX58Vry1slM9usoML0k3LNHEgShlHbEMSM 
INFO 2025-08-29 19:31:00,545 fcm 5783 139792053919744  _ notify_user_by_fcm user future future (yamow57479@futurejs.com) 
DEBUG 2025-08-29 19:31:00,545 retry 5783 139792053919744 Converted retries value: 3 -> Retry(total=3, connect=None, read=None, redirect=None, status=None)
DEBUG 2025-08-29 19:31:00,697 connectionpool 5783 139792053919744 Starting new HTTPS connection (1): oauth2.googleapis.com:443
DEBUG 2025-08-29 19:31:00,744 connectionpool 5783 139792053919744 https://oauth2.googleapis.com:443 "POST /token HTTP/1.1" 200 None
DEBUG 2025-08-29 19:31:00,746 connectionpool 5783 139792053919744 Starting new HTTPS connection (1): fcm.googleapis.com:443
DEBUG 2025-08-29 19:31:00,854 connectionpool 5783 139792053919744 https://fcm.googleapis.com:443 "POST /v1/projects/med-app-8e5b5/messages:send HTTP/1.1" 200 None
INFO 2025-08-29 19:33:37,825 utils 5784 139792053919744 ===================================== [SEND CODE VERIFICATION] === ENVOI code de verification 07837 ===========
INFO 2025-08-29 19:33:37,921 __init__ 5784 139792053919744 -- BEGIN Twilio API Request --
INFO 2025-08-29 19:33:37,921 __init__ 5784 139792053919744 POST Request: https://api.twilio.com/2010-04-01/Accounts/ACe9cc141af9f8831110ebccb13caab2a9/Messages.json
INFO 2025-08-29 19:33:37,921 __init__ 5784 139792053919744 Headers:
INFO 2025-08-29 19:33:37,921 __init__ 5784 139792053919744 Content-Type : application/x-www-form-urlencoded
INFO 2025-08-29 19:33:37,921 __init__ 5784 139792053919744 Accept : application/json
INFO 2025-08-29 19:33:37,921 __init__ 5784 139792053919744 User-Agent : twilio-python/9.6.3 (Linux x86_64) Python/3.10.12
INFO 2025-08-29 19:33:37,922 __init__ 5784 139792053919744 X-Twilio-Client : python-9.6.3
INFO 2025-08-29 19:33:37,922 __init__ 5784 139792053919744 Accept-Charset : utf-8
INFO 2025-08-29 19:33:37,922 __init__ 5784 139792053919744 -- END Twilio API Request --
DEBUG 2025-08-29 19:33:37,923 connectionpool 5784 139792053919744 Starting new HTTPS connection (1): api.twilio.com:443
DEBUG 2025-08-29 19:33:38,399 connectionpool 5784 139792053919744 https://api.twilio.com:443 "POST /2010-04-01/Accounts/ACe9cc141af9f8831110ebccb13caab2a9/Messages.json HTTP/1.1" 401 107
INFO 2025-08-29 19:33:38,399 __init__ 5784 139792053919744 Response Status Code: 401
INFO 2025-08-29 19:33:38,400 __init__ 5784 139792053919744 Response Headers: {'Content-Type': 'application/json', 'Content-Length': '107', 'Connection': 'keep-alive', 'Date': 'Fri, 29 Aug 2025 19:33:38 GMT', 'X-Twilio-Error-Code': '20003', 'Twilio-Request-Id': 'RQ286f67557d35b2096690fef0ee19a640', 'Twilio-Request-Duration': '0.020', 'X-Home-Region': 'us1', 'X-API-Domain': 'api.twilio.com', 'Strict-Transport-Security': 'max-age=31536000', 'WWW-Authenticate': 'Basic realm="Twilio API"', 'X-Cache': 'Error from cloudfront', 'Via': '1.1 35c75b7f0ca8c787d67c8ebd22bc7fc2.cloudfront.net (CloudFront)', 'X-Amz-Cf-Pop': 'FRA6-C1', 'X-Amz-Cf-Id': 'pCCqGtBLHK8DWuipV1TZHTfhUXfd--SW7PFqxhQ-Z8VOyAnHDO-Q5A==', 'X-Powered-By': 'AT-5000', 'X-Shenanigans': 'none', 'Vary': 'Origin'}
INFO 2025-08-29 19:34:16,821 views 5783 139792053919744 le user country est: None
DEBUG 2025-08-29 19:35:25,926 selector_events 5785 139792053919744 Using selector: EpollSelector
INFO 2025-08-29 19:35:39,887 views 5783 139792053919744 🔍 [BULK VALIDATION] === DÉBUT VALIDATION BULK DOCUMENTS === User: a1626332-f14f-4a46-99b6-4ee3c82c3e1a
INFO 2025-08-29 19:35:39,887 views 5783 139792053919744 👤 [BULK VALIDATION] Admin: admin@gmail.com
INFO 2025-08-29 19:35:39,887 views 5783 139792053919744 📋 [BULK VALIDATION] Données reçues: {'action': 'reject', 'rejection_reason': 'Veuillez fournir un document plus clair'}
INFO 2025-08-29 19:35:39,889 views 5783 139792053919744 ✅ [BULK VALIDATION] Utilisateur trouvé: mefajex215@lanipe.com
INFO 2025-08-29 19:35:39,889 views 5783 139792053919744 🎯 [BULK VALIDATION] Action demandée: reject
INFO 2025-08-29 19:35:39,889 views 5783 139792053919744 📝 [BULK VALIDATION] Raison de rejet: Veuillez fournir un document plus clair
INFO 2025-08-29 19:35:39,890 views 5783 139792053919744 📊 [BULK VALIDATION] Documents en attente trouvés: 1
INFO 2025-08-29 19:35:39,892 views 5783 139792053919744 📦 [BULK VALIDATION] Ensemble de documents à traiter: 1 documents
INFO 2025-08-29 19:35:39,892 views 5783 139792053919744 🔄 [BULK VALIDATION] Traitement des documents de type: passport
INFO 2025-08-29 19:35:39,896 views 5783 139792053919744 💾 [BULK VALIDATION] Document 103 traité: pending → rejected
INFO 2025-08-29 19:35:39,898 views 5783 139792053919744 👤 [BULK VALIDATION] Statut utilisateur - is_completed: False → False
INFO 2025-08-29 19:35:39,898 views 5783 139792053919744 🔔 [BULK VALIDATION] === ENVOI NOTIFICATIONS ===
INFO 2025-08-29 19:35:39,899 views 5783 139792053919744 📦=> [BULK VALIDATION] Before logger
INFO 2025-08-29 19:35:39,899 utils 5783 139792053919744 1 [BULK VALIDATION] STEP 1
INFO 2025-08-29 19:35:39,899 utils 5783 139792053919744 2 [BULK VALIDATION] STEP 2
INFO 2025-08-29 19:35:39,900 utils 5783 139792053919744 9 [BULK VALIDATION] STEP 9
INFO 2025-08-29 19:35:39,900 utils 5783 139792053919744 13 [BULK VALIDATION] STEP 13
INFO 2025-08-29 19:35:39,900 utils 5783 139792053919744 ===================================== [BULK VALIDATION] === ENVOI NOTIFICATIONS de type document_rejected===
INFO 2025-08-29 19:35:39,900 utils 5783 139792053919744 14 [BULK VALIDATION] STEP 14
DEBUG 2025-08-29 19:35:39,901 selector_events 5783 139792053919744 Using selector: EpollSelector
INFO 2025-08-29 19:35:39,904 utils 5783 139792053919744 15 [BULK VALIDATION] STEP 15
INFO 2025-08-29 19:35:39,907 utils 5783 139792053919744 notification create Notification document_rejected pour mefa
DEBUG 2025-08-29 19:35:39,907 selector_events 5783 139792053919744 Using selector: EpollSelector
INFO 2025-08-29 19:35:39,909 utils 5783 139792053919744 On tente l'envoie de Notification fcm d83bcaf2-4d17-4603-be26-dc1303218849 
INFO 2025-08-29 19:35:39,909 utils 5783 139792053919744 Before notify_user_by_fcm
INFO 2025-08-29 19:35:39,909 fcm 5783 139792053919744  _ notify_user_by_fcm appelée pour booking 
INFO 2025-08-29 19:35:39,909 fcm 5783 139792053919744  _ notify_user_by_fcm user.fcm_token fUO60TrHTxqchdoZvs4K6L:APA91bEdPe9xYNQ_N4vH4zC17nfuSPZCnlngzOW6YamI8SHdyrKglGSDP5H6dv2bHKl7OeJnfiUxz15jg7j508cwPS5iwbYr9UE-_av4MLhCVp695bFFBHM 
INFO 2025-08-29 19:35:39,909 fcm 5783 139792053919744  _ notify_user_by_fcm user mefa lanipe (mefajex215@lanipe.com) 
INFO 2025-08-29 19:35:39,911 utils 5783 139792053919744 After notify_user_by_fcm
INFO 2025-08-29 19:35:39,911 utils 5783 139792053919744 Notification d83bcaf2-4d17-4603-be26-dc1303218849 créée et envoyée à mefajex215@lanipe.com
INFO 2025-08-29 19:35:39,911 utils 5783 139792053919744 16 [BULK VALIDATION] STEP 16
INFO 2025-08-29 19:35:39,911 views 5783 139792053919744 ✅ [BULK VALIDATION] Notifications envoyées avec succès
INFO 2025-08-29 19:35:41,175 views 5783 139792053919744 🎉 [BULK VALIDATION] === VALIDATION BULK TERMINÉE AVEC SUCCÈS ===
DEBUG 2025-08-29 19:36:21,197 http_protocol 5781 139994988617728 Upgraded connection ['127.0.0.1', 57120] to WebSocket
DEBUG 2025-08-29 19:36:21,212 ws_protocol 5781 139994988617728 WebSocket ['127.0.0.1', 57120] open and established
DEBUG 2025-08-29 19:36:21,212 ws_protocol 5781 139994988617728 WebSocket ['127.0.0.1', 57120] accepted by application
DEBUG 2025-08-29 19:36:21,254 ws_protocol 5781 139994988617728 Sent WebSocket packet to client for ['127.0.0.1', 57120]
INFO 2025-08-29 19:36:21,357 views 5785 139792053919744 le user country est: Bénin
DEBUG 2025-08-29 19:36:38,503 selector_events 5785 139792053919744 Using selector: EpollSelector
DEBUG 2025-08-29 19:36:38,545 ws_protocol 5781 139994988617728 Sent WebSocket packet to client for ['127.0.0.1', 57120]
INFO 2025-08-29 19:36:42,323 views 5784 139792053919744 🔍 [BULK VALIDATION] === DÉBUT VALIDATION BULK DOCUMENTS === User: a1626332-f14f-4a46-99b6-4ee3c82c3e1a
INFO 2025-08-29 19:36:42,323 views 5784 139792053919744 👤 [BULK VALIDATION] Admin: admin@gmail.com
INFO 2025-08-29 19:36:42,324 views 5784 139792053919744 📋 [BULK VALIDATION] Données reçues: {'action': 'reject', 'rejection_reason': 'Veuillez fournir un document plus clair'}
INFO 2025-08-29 19:36:42,325 views 5784 139792053919744 ✅ [BULK VALIDATION] Utilisateur trouvé: mefajex215@lanipe.com
INFO 2025-08-29 19:36:42,325 views 5784 139792053919744 🎯 [BULK VALIDATION] Action demandée: reject
INFO 2025-08-29 19:36:42,325 views 5784 139792053919744 📝 [BULK VALIDATION] Raison de rejet: Veuillez fournir un document plus clair
INFO 2025-08-29 19:36:42,327 views 5784 139792053919744 📊 [BULK VALIDATION] Documents en attente trouvés: 1
INFO 2025-08-29 19:36:42,329 views 5784 139792053919744 📦 [BULK VALIDATION] Ensemble de documents à traiter: 1 documents
INFO 2025-08-29 19:36:42,329 views 5784 139792053919744 🔄 [BULK VALIDATION] Traitement des documents de type: passport
INFO 2025-08-29 19:36:42,333 views 5784 139792053919744 💾 [BULK VALIDATION] Document 104 traité: pending → rejected
INFO 2025-08-29 19:36:42,336 views 5784 139792053919744 👤 [BULK VALIDATION] Statut utilisateur - is_completed: False → False
INFO 2025-08-29 19:36:42,336 views 5784 139792053919744 🔔 [BULK VALIDATION] === ENVOI NOTIFICATIONS ===
INFO 2025-08-29 19:36:42,336 views 5784 139792053919744 📦=> [BULK VALIDATION] Before logger
INFO 2025-08-29 19:36:42,336 utils 5784 139792053919744 1 [BULK VALIDATION] STEP 1
INFO 2025-08-29 19:36:42,337 utils 5784 139792053919744 2 [BULK VALIDATION] STEP 2
INFO 2025-08-29 19:36:42,337 utils 5784 139792053919744 9 [BULK VALIDATION] STEP 9
INFO 2025-08-29 19:36:42,337 utils 5784 139792053919744 13 [BULK VALIDATION] STEP 13
INFO 2025-08-29 19:36:42,337 utils 5784 139792053919744 ===================================== [BULK VALIDATION] === ENVOI NOTIFICATIONS de type document_rejected===
INFO 2025-08-29 19:36:42,338 utils 5784 139792053919744 14 [BULK VALIDATION] STEP 14
DEBUG 2025-08-29 19:36:42,339 selector_events 5784 139792053919744 Using selector: EpollSelector
INFO 2025-08-29 19:36:42,341 utils 5784 139792053919744 15 [BULK VALIDATION] STEP 15
INFO 2025-08-29 19:36:42,344 utils 5784 139792053919744 notification create Notification document_rejected pour mefa
DEBUG 2025-08-29 19:36:42,345 selector_events 5784 139792053919744 Using selector: EpollSelector
INFO 2025-08-29 19:36:42,349 consumers 5781 139994988617728 📄❌ [WEBSOCKET] Envoi notification rejet document à mefa lanipe (mefajex215@lanipe.com)
DEBUG 2025-08-29 19:36:42,350 ws_protocol 5781 139994988617728 Sent WebSocket packet to client for ['127.0.0.1', 57120]
INFO 2025-08-29 19:36:42,351 utils 5784 139792053919744 On tente l'envoie de Notification fcm a065af7b-9b9f-47bb-84e9-ff432d0b8cc4 
INFO 2025-08-29 19:36:42,351 utils 5784 139792053919744 Before notify_user_by_fcm
INFO 2025-08-29 19:36:42,352 fcm 5784 139792053919744  _ notify_user_by_fcm appelée pour booking 
INFO 2025-08-29 19:36:42,352 fcm 5784 139792053919744  _ notify_user_by_fcm user.fcm_token fUO60TrHTxqchdoZvs4K6L:APA91bEdPe9xYNQ_N4vH4zC17nfuSPZCnlngzOW6YamI8SHdyrKglGSDP5H6dv2bHKl7OeJnfiUxz15jg7j508cwPS5iwbYr9UE-_av4MLhCVp695bFFBHM 
INFO 2025-08-29 19:36:42,352 fcm 5784 139792053919744  _ notify_user_by_fcm user mefa lanipe (mefajex215@lanipe.com) 
DEBUG 2025-08-29 19:36:42,352 retry 5784 139792053919744 Converted retries value: 3 -> Retry(total=3, connect=None, read=None, redirect=None, status=None)
INFO 2025-08-29 19:36:42,528 utils 5784 139792053919744 After notify_user_by_fcm
INFO 2025-08-29 19:36:42,528 utils 5784 139792053919744 Notification a065af7b-9b9f-47bb-84e9-ff432d0b8cc4 créée et envoyée à mefajex215@lanipe.com
INFO 2025-08-29 19:36:42,528 utils 5784 139792053919744 16 [BULK VALIDATION] STEP 16
INFO 2025-08-29 19:36:42,528 views 5784 139792053919744 ✅ [BULK VALIDATION] Notifications envoyées avec succès
INFO 2025-08-29 19:36:44,643 views 5784 139792053919744 🎉 [BULK VALIDATION] === VALIDATION BULK TERMINÉE AVEC SUCCÈS ===
